<html>
<body>
<pre>
<h1>µVision Build Log</h1>
<h2>Tool Versions:</h2>
IDE-Version: µVision V5.13.0.0
Copyright (C) 2014 ARM Ltd and ARM Germany GmbH. All rights reserved.
License Information: Brandon Pollack UofF Flex license: MDK-ARM Professional: 100 user(s) (mdk_pro) Operation stops: 16 Nov 2015
 
Tool Versions:
Toolchain:       MDK-ARM Professional: 100 user(s)  Version: 5.13.0.0
Toolchain Path:  C:\Program Files (x86)\Keil_v5\ARM\ARMCC\Bin
C Compiler:      Armcc.exe V5.05 update 1 (build 106)
Assembler:       Armasm.exe V5.05 update 1 (build 106)
Linker/Locator:  ArmLink.exe V5.05 update 1 (build 106)
Library Manager: ArmAr.exe V5.05 update 1 (build 106)
Hex Converter:   FromElf.exe V5.05 update 1 (build 106)
CPU DLL:         SARMCM3.DLL V5.13.0.0
Dialog DLL:      DCM.DLL V1.13.1.0
Target DLL:      STLink\ST-LINKIII-KEIL_SWO.dll V2.0.14.0_KEIL
Dialog DLL:      TCM.DLL V1.14.4.0
 
<h2>Project:</h2>
D:\Dropbox\school\SENIORDESIGN\SW\GameMan_Template\Projects\MDK-ARM\GameMan_Template.uvproj
Project File Date:  03/11/2015

<h2>Output:</h2>
Build target 'GameMan_Template Configuration'
linking...
Program Size: Code=21670 RO-data=84502 RW-data=152 ZI-data=160344  
"GameMan_Template Configuration\GameMan_Template Configuration.axf" - 0 Error(s), 0 Warning(s).
</pre>
</body>
</html>
