Component: ARM Compiler 5.05 update 1 (build 106) Tool: armlink [4d0efa]

==============================================================================

Section Cross References

    startup_stm32f439xx.o(RESET) refers to startup_stm32f439xx.o(STACK) for __initial_sp
    startup_stm32f439xx.o(RESET) refers to startup_stm32f439xx.o(.text) for Reset_Handler
    startup_stm32f439xx.o(RESET) refers to stm32f4xx_it.o(i.SysTick_Handler) for SysTick_Handler
    startup_stm32f439xx.o(RESET) refers to stm32f4xx_it.o(i.EXTI0_IRQHandler) for EXTI0_IRQHandler
    startup_stm32f439xx.o(.text) refers to system_stm32f4xx.o(i.SystemInit) for SystemInit
    startup_stm32f439xx.o(.text) refers to entry.o(.ARM.Collect$$$$00000000) for __main
    stm32f4xx_hal_i2c.o(i.HAL_I2C_DeInit) refers to stm32f4xx_hal_msp.o(i.HAL_I2C_MspDeInit) for HAL_I2C_MspDeInit
    stm32f4xx_hal_i2c.o(i.HAL_I2C_ER_IRQHandler) refers to stm32f4xx_hal_i2c.o(i.I2C_Slave_AF) for I2C_Slave_AF
    stm32f4xx_hal_i2c.o(i.HAL_I2C_ER_IRQHandler) refers to stm32f4xx_hal_i2c.o(i.HAL_I2C_ErrorCallback) for HAL_I2C_ErrorCallback
    stm32f4xx_hal_i2c.o(i.HAL_I2C_EV_IRQHandler) refers to stm32f4xx_hal_i2c.o(i.I2C_MasterTransmit_TXE) for I2C_MasterTransmit_TXE
    stm32f4xx_hal_i2c.o(i.HAL_I2C_EV_IRQHandler) refers to stm32f4xx_hal_i2c.o(i.I2C_MasterTransmit_BTF) for I2C_MasterTransmit_BTF
    stm32f4xx_hal_i2c.o(i.HAL_I2C_EV_IRQHandler) refers to stm32f4xx_hal_i2c.o(i.I2C_MasterReceive_RXNE) for I2C_MasterReceive_RXNE
    stm32f4xx_hal_i2c.o(i.HAL_I2C_EV_IRQHandler) refers to stm32f4xx_hal_i2c.o(i.I2C_MasterReceive_BTF) for I2C_MasterReceive_BTF
    stm32f4xx_hal_i2c.o(i.HAL_I2C_EV_IRQHandler) refers to stm32f4xx_hal_i2c.o(i.I2C_Slave_ADDR) for I2C_Slave_ADDR
    stm32f4xx_hal_i2c.o(i.HAL_I2C_EV_IRQHandler) refers to stm32f4xx_hal_i2c.o(i.I2C_Slave_STOPF) for I2C_Slave_STOPF
    stm32f4xx_hal_i2c.o(i.HAL_I2C_EV_IRQHandler) refers to stm32f4xx_hal_i2c.o(i.I2C_SlaveTransmit_TXE) for I2C_SlaveTransmit_TXE
    stm32f4xx_hal_i2c.o(i.HAL_I2C_EV_IRQHandler) refers to stm32f4xx_hal_i2c.o(i.I2C_SlaveTransmit_BTF) for I2C_SlaveTransmit_BTF
    stm32f4xx_hal_i2c.o(i.HAL_I2C_EV_IRQHandler) refers to stm32f4xx_hal_i2c.o(i.I2C_SlaveReceive_RXNE) for I2C_SlaveReceive_RXNE
    stm32f4xx_hal_i2c.o(i.HAL_I2C_EV_IRQHandler) refers to stm32f4xx_hal_i2c.o(i.I2C_SlaveReceive_BTF) for I2C_SlaveReceive_BTF
    stm32f4xx_hal_i2c.o(i.HAL_I2C_Init) refers to stm32f4xx_hal_msp.o(i.HAL_I2C_MspInit) for HAL_I2C_MspInit
    stm32f4xx_hal_i2c.o(i.HAL_I2C_Init) refers to stm32f4xx_hal_rcc.o(i.HAL_RCC_GetPCLK1Freq) for HAL_RCC_GetPCLK1Freq
    stm32f4xx_hal_i2c.o(i.HAL_I2C_IsDeviceReady) refers to stm32f4xx_hal_i2c.o(i.I2C_WaitOnFlagUntilTimeout) for I2C_WaitOnFlagUntilTimeout
    stm32f4xx_hal_i2c.o(i.HAL_I2C_IsDeviceReady) refers to stm32f4xx_hal.o(i.HAL_GetTick) for HAL_GetTick
    stm32f4xx_hal_i2c.o(i.HAL_I2C_Master_Receive) refers to stm32f4xx_hal_i2c.o(i.I2C_MasterRequestRead) for I2C_MasterRequestRead
    stm32f4xx_hal_i2c.o(i.HAL_I2C_Master_Receive) refers to stm32f4xx_hal_i2c.o(i.I2C_WaitOnFlagUntilTimeout) for I2C_WaitOnFlagUntilTimeout
    stm32f4xx_hal_i2c.o(i.HAL_I2C_Master_Receive_DMA) refers to stm32f4xx_hal_dma.o(i.HAL_DMA_Start_IT) for HAL_DMA_Start_IT
    stm32f4xx_hal_i2c.o(i.HAL_I2C_Master_Receive_DMA) refers to stm32f4xx_hal_i2c.o(i.I2C_MasterRequestRead) for I2C_MasterRequestRead
    stm32f4xx_hal_i2c.o(i.HAL_I2C_Master_Receive_DMA) refers to stm32f4xx_hal_i2c.o(i.I2C_DMAMasterReceiveCplt) for I2C_DMAMasterReceiveCplt
    stm32f4xx_hal_i2c.o(i.HAL_I2C_Master_Receive_DMA) refers to stm32f4xx_hal_i2c.o(i.I2C_DMAError) for I2C_DMAError
    stm32f4xx_hal_i2c.o(i.HAL_I2C_Master_Receive_IT) refers to stm32f4xx_hal_i2c.o(i.I2C_MasterRequestRead) for I2C_MasterRequestRead
    stm32f4xx_hal_i2c.o(i.HAL_I2C_Master_Transmit) refers to stm32f4xx_hal_i2c.o(i.I2C_MasterRequestWrite) for I2C_MasterRequestWrite
    stm32f4xx_hal_i2c.o(i.HAL_I2C_Master_Transmit) refers to stm32f4xx_hal_i2c.o(i.I2C_WaitOnFlagUntilTimeout) for I2C_WaitOnFlagUntilTimeout
    stm32f4xx_hal_i2c.o(i.HAL_I2C_Master_Transmit_DMA) refers to stm32f4xx_hal_dma.o(i.HAL_DMA_Start_IT) for HAL_DMA_Start_IT
    stm32f4xx_hal_i2c.o(i.HAL_I2C_Master_Transmit_DMA) refers to stm32f4xx_hal_i2c.o(i.I2C_MasterRequestWrite) for I2C_MasterRequestWrite
    stm32f4xx_hal_i2c.o(i.HAL_I2C_Master_Transmit_DMA) refers to stm32f4xx_hal_i2c.o(i.I2C_DMAMasterTransmitCplt) for I2C_DMAMasterTransmitCplt
    stm32f4xx_hal_i2c.o(i.HAL_I2C_Master_Transmit_DMA) refers to stm32f4xx_hal_i2c.o(i.I2C_DMAError) for I2C_DMAError
    stm32f4xx_hal_i2c.o(i.HAL_I2C_Master_Transmit_IT) refers to stm32f4xx_hal_i2c.o(i.I2C_MasterRequestWrite) for I2C_MasterRequestWrite
    stm32f4xx_hal_i2c.o(i.HAL_I2C_Mem_Read) refers to stm32f4xx_hal_i2c.o(i.I2C_RequestMemoryRead) for I2C_RequestMemoryRead
    stm32f4xx_hal_i2c.o(i.HAL_I2C_Mem_Read) refers to stm32f4xx_hal_i2c.o(i.I2C_WaitOnFlagUntilTimeout) for I2C_WaitOnFlagUntilTimeout
[...]
    i.HAL_SRAM_Init                          0x08002a26   Section        0  stm32f4xx_hal_sram.o(i.HAL_SRAM_Init)
    i.HAL_SRAM_MspInit                       0x08002a78   Section        0  stm32f4xx_hal_msp.o(i.HAL_SRAM_MspInit)
    i.HAL_SYSTICK_Callback                   0x08002a82   Section        0  stm32f4xx_hal_cortex.o(i.HAL_SYSTICK_Callback)
    i.HAL_SYSTICK_Config                     0x08002a84   Section        0  stm32f4xx_hal_cortex.o(i.HAL_SYSTICK_Config)
    i.HAL_SYSTICK_IRQHandler                 0x08002ab8   Section        0  stm32f4xx_hal_cortex.o(i.HAL_SYSTICK_IRQHandler)
    i.HAL_UART_Init                          0x08002ac0   Section        0  stm32f4xx_hal_uart.o(i.HAL_UART_Init)
    i.HAL_UART_MspInit                       0x08002b2c   Section        0  stm32f4xx_hal_msp.o(i.HAL_UART_MspInit)
    i.HAL_UART_Transmit                      0x08002bac   Section        0  stm32f4xx_hal_uart.o(i.HAL_UART_Transmit)
    i.LTDC_SetConfig                         0x08002c9e   Section        0  stm32f4xx_hal_ltdc.o(i.LTDC_SetConfig)
    LTDC_SetConfig                           0x08002c9f   Thumb Code   526  stm32f4xx_hal_ltdc.o(i.LTDC_SetConfig)
    i.MX_DAC_Init                            0x08002eac   Section        0  main.o(i.MX_DAC_Init)
    MX_DAC_Init                              0x08002ead   Thumb Code    42  main.o(i.MX_DAC_Init)
    i.MX_DMA2D_Init                          0x08002ee0   Section        0  main.o(i.MX_DMA2D_Init)
    MX_DMA2D_Init                            0x08002ee1   Thumb Code    26  main.o(i.MX_DMA2D_Init)
    i.MX_FMC_Init                            0x08002f04   Section        0  main.o(i.MX_FMC_Init)
    MX_FMC_Init                              0x08002f05   Thumb Code   102  main.o(i.MX_FMC_Init)
    i.MX_GPIO_Init                           0x08002f74   Section        0  main.o(i.MX_GPIO_Init)
    MX_GPIO_Init                             0x08002f75   Thumb Code   290  main.o(i.MX_GPIO_Init)
    i.MX_I2C1_Init                           0x080030bc   Section        0  main.o(i.MX_I2C1_Init)
    MX_I2C1_Init                             0x080030bd   Thumb Code    42  main.o(i.MX_I2C1_Init)
    i.MX_LTDC_Init                           0x080030f4   Section        0  main.o(i.MX_LTDC_Init)
    MX_LTDC_Init                             0x080030f5   Thumb Code    76  main.o(i.MX_LTDC_Init)
    i.MX_RNG_Init                            0x08003148   Section        0  main.o(i.MX_RNG_Init)
    MX_RNG_Init                              0x08003149   Thumb Code    16  main.o(i.MX_RNG_Init)
    i.MX_SDIO_SD_Init                        0x08003160   Section        0  main.o(i.MX_SDIO_SD_Init)
    MX_SDIO_SD_Init                          0x08003161   Thumb Code    26  main.o(i.MX_SDIO_SD_Init)
    i.MX_SPI2_Init                           0x08003184   Section        0  main.o(i.MX_SPI2_Init)
    MX_SPI2_Init                             0x08003185   Thumb Code    54  main.o(i.MX_SPI2_Init)
    i.MX_SPI3_Init                           0x080031c4   Section        0  main.o(i.MX_SPI3_Init)
    MX_SPI3_Init                             0x080031c5   Thumb Code    54  main.o(i.MX_SPI3_Init)
    i.MX_SPI5_Init                           0x08003204   Section        0  main.o(i.MX_SPI5_Init)
    MX_SPI5_Init                             0x08003205   Thumb Code    50  main.o(i.MX_SPI5_Init)
    i.MX_USART1_UART_Init                    0x08003240   Section        0  main.o(i.MX_USART1_UART_Init)
    MX_USART1_UART_Init                      0x08003241   Thumb Code    40  main.o(i.MX_USART1_UART_Init)
    i.MX_USART6_UART_Init                    0x08003270   Section        0  main.o(i.MX_USART6_UART_Init)
    MX_USART6_UART_Init                      0x08003271   Thumb Code    40  main.o(i.MX_USART6_UART_Init)
    i.NV3035_init                            0x080032a0   Section        0  gameman_reva0.o(i.NV3035_init)
    i.NV3035_send_cmd                        0x080032dc   Section        0  gameman_reva0.o(i.NV3035_send_cmd)
    i.NVIC_GetPriorityGrouping               0x08003320   Section        0  stm32f4xx_hal_cortex.o(i.NVIC_GetPriorityGrouping)
    NVIC_GetPriorityGrouping                 0x08003321   Thumb Code    10  stm32f4xx_hal_cortex.o(i.NVIC_GetPriorityGrouping)
    i.NVIC_SetPriority                       0x08003330   Section        0  stm32f4xx_hal_cortex.o(i.NVIC_SetPriority)
    NVIC_SetPriority                         0x08003331   Thumb Code    32  stm32f4xx_hal_cortex.o(i.NVIC_SetPriority)
    i.SDIO_DataConfig                        0x08003358   Section        0  stm32f4xx_ll_sdmmc.o(i.SDIO_DataConfig)
    i.SDIO_GetCommandResponse                0x08003384   Section        0  stm32f4xx_ll_sdmmc.o(i.SDIO_GetCommandResponse)
    i.SDIO_GetPowerState                     0x0800338c   Section        0  stm32f4xx_ll_sdmmc.o(i.SDIO_GetPowerState)
    i.SDIO_GetResponse                       0x08003398   Section        0  stm32f4xx_ll_sdmmc.o(i.SDIO_GetResponse)
    i.SDIO_Init                              0x080033b0   Section        0  stm32f4xx_ll_sdmmc.o(i.SDIO_Init)
    i.SDIO_PowerState_ON                     0x080033e4   Section        0  stm32f4xx_ll_sdmmc.o(i.SDIO_PowerState_ON)
    i.SDIO_ReadFIFO                          0x080033ee   Section        0  stm32f4xx_ll_sdmmc.o(i.SDIO_ReadFIFO)
    i.SDIO_SendCommand                       0x080033f6   Section        0  stm32f4xx_ll_sdmmc.o(i.SDIO_SendCommand)
    i.SDIO_WriteFIFO                         0x0800341e   Section        0  stm32f4xx_ll_sdmmc.o(i.SDIO_WriteFIFO)
    i.SD_CmdError                            0x0800342a   Section        0  stm32f4xx_hal_sd.o(i.SD_CmdError)
    SD_CmdError                              0x0800342b   Thumb Code    54  stm32f4xx_hal_sd.o(i.SD_CmdError)
    i.SD_CmdResp1Error                       0x08003460   Section        0  stm32f4xx_hal_sd.o(i.SD_CmdResp1Error)
    SD_CmdResp1Error                         0x08003461   Thumb Code   380  stm32f4xx_hal_sd.o(i.SD_CmdResp1Error)
    i.SD_CmdResp2Error                       0x080035e0   Section        0  stm32f4xx_hal_sd.o(i.SD_CmdResp2Error)
    SD_CmdResp2Error                         0x080035e1   Thumb Code    70  stm32f4xx_hal_sd.o(i.SD_CmdResp2Error)
    i.SD_CmdResp3Error                       0x08003626   Section        0  stm32f4xx_hal_sd.o(i.SD_CmdResp3Error)
    SD_CmdResp3Error                         0x08003627   Thumb Code    50  stm32f4xx_hal_sd.o(i.SD_CmdResp3Error)
    i.SD_CmdResp6Error                       0x08003658   Section        0  stm32f4xx_hal_sd.o(i.SD_CmdResp6Error)
    SD_CmdResp6Error                         0x08003659   Thumb Code   172  stm32f4xx_hal_sd.o(i.SD_CmdResp6Error)
    i.SD_CmdResp7Error                       0x08003704   Section        0  stm32f4xx_hal_sd.o(i.SD_CmdResp7Error)
    SD_CmdResp7Error                         0x08003705   Thumb Code   102  stm32f4xx_hal_sd.o(i.SD_CmdResp7Error)
    i.SD_FindSCR                             0x0800376a   Section        0  stm32f4xx_hal_sd.o(i.SD_FindSCR)
    SD_FindSCR                               0x0800376b   Thumb Code   370  stm32f4xx_hal_sd.o(i.SD_FindSCR)
    i.SD_GetState                            0x080038dc   Section        0  stm32f4xx_hal_sd.o(i.SD_GetState)
    SD_GetState                              0x080038dd   Thumb Code    30  stm32f4xx_hal_sd.o(i.SD_GetState)
    i.SD_Initialize_Cards                    0x080038fa   Section        0  stm32f4xx_hal_sd.o(i.SD_Initialize_Cards)
    SD_Initialize_Cards                      0x080038fb   Thumb Code   250  stm32f4xx_hal_sd.o(i.SD_Initialize_Cards)
    i.SD_IsCardProgramming                   0x080039f4   Section        0  stm32f4xx_hal_sd.o(i.SD_IsCardProgramming)
    SD_IsCardProgramming                     0x080039f5   Thumb Code   464  stm32f4xx_hal_sd.o(i.SD_IsCardProgramming)
    i.SD_PowerON                             0x08003bc8   Section        0  stm32f4xx_hal_sd.o(i.SD_PowerON)
    SD_PowerON                               0x08003bc9   Thumb Code   342  stm32f4xx_hal_sd.o(i.SD_PowerON)
    i.SD_Select_Deselect                     0x08003d28   Section        0  stm32f4xx_hal_sd.o(i.SD_Select_Deselect)
    SD_Select_Deselect                       0x08003d29   Thumb Code    56  stm32f4xx_hal_sd.o(i.SD_Select_Deselect)
    i.SD_SendStatus                          0x08003d60   Section        0  stm32f4xx_hal_sd.o(i.SD_SendStatus)
    SD_SendStatus                            0x08003d61   Thumb Code    80  stm32f4xx_hal_sd.o(i.SD_SendStatus)
    i.SD_WideBus_Disable                     0x08003db0   Section        0  stm32f4xx_hal_sd.o(i.SD_WideBus_Disable)
    SD_WideBus_Disable                       0x08003db1   Thumb Code   150  stm32f4xx_hal_sd.o(i.SD_WideBus_Disable)
    i.SD_WideBus_Enable                      0x08003e46   Section        0  stm32f4xx_hal_sd.o(i.SD_WideBus_Enable)
    SD_WideBus_Enable                        0x08003e47   Thumb Code   150  stm32f4xx_hal_sd.o(i.SD_WideBus_Enable)
    i.SD_initialize                          0x08003edc   Section        0  sd_diskio.o(i.SD_initialize)
    i.SD_ioctl                               0x08003f00   Section        0  sd_diskio.o(i.SD_ioctl)
    i.SD_read                                0x08003f78   Section        0  sd_diskio.o(i.SD_read)
    i.SD_status                              0x08003fa4   Section        0  sd_diskio.o(i.SD_status)
    i.SD_write                               0x08003fc8   Section        0  sd_diskio.o(i.SD_write)
    i.SPI_WaitOnFlagUntilTimeout             0x08003ff2   Section        0  stm32f4xx_hal_spi.o(i.SPI_WaitOnFlagUntilTimeout)
    SPI_WaitOnFlagUntilTimeout               0x08003ff3   Thumb Code   276  stm32f4xx_hal_spi.o(i.SPI_WaitOnFlagUntilTimeout)
    i.SysTick_Handler                        0x08004106   Section        0  stm32f4xx_it.o(i.SysTick_Handler)
    i.SystemClock_Config                     0x08004114   Section        0  main.o(i.SystemClock_Config)
    i.SystemInit                             0x080041ac   Section        0  system_stm32f4xx.o(i.SystemInit)
    i.UART_SetConfig                         0x08004210   Section        0  stm32f4xx_hal_uart.o(i.UART_SetConfig)
    UART_SetConfig                           0x08004211   Thumb Code   544  stm32f4xx_hal_uart.o(i.UART_SetConfig)
    i.UART_WaitOnFlagUntilTimeout            0x08004438   Section        0  stm32f4xx_hal_uart.o(i.UART_WaitOnFlagUntilTimeout)
    UART_WaitOnFlagUntilTimeout              0x08004439   Thumb Code   250  stm32f4xx_hal_uart.o(i.UART_WaitOnFlagUntilTimeout)
    i.__0printf$1                            0x08004534   Section        0  printf1.o(i.__0printf$1)
    i.__scatterload_copy                     0x08004554   Section       14  handlers.o(i.__scatterload_copy)
    i.__scatterload_null                     0x08004562   Section        2  handlers.o(i.__scatterload_null)
    i.__scatterload_zeroinit                 0x08004564   Section       14  handlers.o(i.__scatterload_zeroinit)
    i._printf_core                           0x08004574   Section        0  printf1.o(i._printf_core)
    _printf_core                             0x08004575   Thumb Code   336  printf1.o(i._printf_core)
    i.check_fs                               0x080046c8   Section        0  ff.o(i.check_fs)
    check_fs                                 0x080046c9   Thumb Code   146  ff.o(i.check_fs)
    i.chk_chr                                0x08004760   Section        0  ff.o(i.chk_chr)
    chk_chr                                  0x08004761   Thumb Code    20  ff.o(i.chk_chr)
    i.chk_lock                               0x08004774   Section        0  ff.o(i.chk_lock)
    chk_lock                                 0x08004775   Thumb Code   140  ff.o(i.chk_lock)
    i.clearBothFrameBuffers                  0x08004804   Section        0  gameman_reva0.o(i.clearBothFrameBuffers)
    i.clearFrameBuffer                       0x0800481c   Section        0  gameman_reva0.o(i.clearFrameBuffer)
    i.clear_lock                             0x08004838   Section        0  ff.o(i.clear_lock)
    clear_lock                               0x08004839   Thumb Code    42  ff.o(i.clear_lock)
    i.clmt_clust                             0x08004868   Section        0  ff.o(i.clmt_clust)
    clmt_clust                               0x08004869   Thumb Code    56  ff.o(i.clmt_clust)
    i.clust2sect                             0x080048a0   Section        0  ff.o(i.clust2sect)
    i.cmp_lfn                                0x080048c0   Section        0  ff.o(i.cmp_lfn)
    cmp_lfn                                  0x080048c1   Thumb Code   138  ff.o(i.cmp_lfn)
    i.constructLink                          0x08004950   Section        0  link_pc.o(i.constructLink)
    i.constructMenu                          0x080049bc   Section        0  mainmenu.o(i.constructMenu)
    i.create_chain                           0x08004a24   Section        0  ff.o(i.create_chain)
    create_chain                             0x08004a25   Thumb Code   226  ff.o(i.create_chain)
    i.create_name                            0x08004b08   Section        0  ff.o(i.create_name)
    create_name                              0x08004b09   Thumb Code   534  ff.o(i.create_name)
    i.deconstructLink                        0x08004d38   Section        0  link_pc.o(i.deconstructLink)
    i.deconstructMenu                        0x08004d4a   Section        0  mainmenu.o(i.deconstructMenu)
    i.dir_alloc                              0x08004d5c   Section        0  ff.o(i.dir_alloc)
    dir_alloc                                0x08004d5d   Thumb Code   100  ff.o(i.dir_alloc)
    i.dir_find                               0x08004dc0   Section        0  ff.o(i.dir_find)
    dir_find                                 0x08004dc1   Thumb Code   242  ff.o(i.dir_find)
    i.dir_next                               0x08004eb2   Section        0  ff.o(i.dir_next)
    dir_next                                 0x08004eb3   Thumb Code   350  ff.o(i.dir_next)
    i.dir_register                           0x08005010   Section        0  ff.o(i.dir_register)
    dir_register                             0x08005011   Thumb Code   342  ff.o(i.dir_register)
    i.dir_sdi                                0x08005166   Section        0  ff.o(i.dir_sdi)
    dir_sdi                                  0x08005167   Thumb Code   202  ff.o(i.dir_sdi)
    i.disk_initialize                        0x08005230   Section        0  diskio.o(i.disk_initialize)
    i.disk_read                              0x08005258   Section        0  diskio.o(i.disk_read)
    i.disk_status                            0x08005280   Section        0  diskio.o(i.disk_status)
    i.disk_write                             0x08005298   Section        0  diskio.o(i.disk_write)
    i.enq_lock                               0x080052c0   Section        0  ff.o(i.enq_lock)
    enq_lock                                 0x080052c1   Thumb Code    36  ff.o(i.enq_lock)
    i.enqueue                                0x080052e8   Section        0  drawqueue.o(i.enqueue)
    i.f_lseek                                0x08005356   Section        0  ff.o(i.f_lseek)
    i.f_mount                                0x0800567c   Section        0  ff.o(i.f_mount)
    i.f_open                                 0x080056e0   Section        0  ff.o(i.f_open)
    i.f_read                                 0x080058be   Section        0  ff.o(i.f_read)
    i.ff_convert                             0x08005ac4   Section        0  ccsbcs.o(i.ff_convert)
    i.ff_memalloc                            0x08005b10   Section        0  syscall.o(i.ff_memalloc)
    i.ff_memfree                             0x08005b1c   Section        0  syscall.o(i.ff_memfree)
    i.ff_wtoupper                            0x08005b28   Section        0  ccsbcs.o(i.ff_wtoupper)
    i.find_volume                            0x08005b60   Section        0  ff.o(i.find_volume)
    find_volume                              0x08005b61   Thumb Code   956  ff.o(i.find_volume)
    i.fit_lfn                                0x08005f2c   Section        0  ff.o(i.fit_lfn)
    fit_lfn                                  0x08005f2d   Thumb Code   122  ff.o(i.fit_lfn)
    i.follow_path                            0x08005fac   Section        0  ff.o(i.follow_path)
    follow_path                              0x08005fad   Thumb Code   156  ff.o(i.follow_path)
    i.fputc                                  0x08006048   Section        0  main.o(i.fputc)
    i.framebuffer_layer_init                 0x08006064   Section        0  gameman_reva0.o(i.framebuffer_layer_init)
    i.free                                   0x080060c4   Section        0  malloc.o(i.free)
    i.gen_numname                            0x08006114   Section        0  ff.o(i.gen_numname)
    i.getInputs                              0x080061bc   Section        0  gameman_reva0.o(i.getInputs)
    i.get_fat                                0x080061fc   Section        0  ff.o(i.get_fat)
    i.get_fattime                            0x080062dc   Section        0  diskio.o(i.get_fattime)
    i.get_ldnumber                           0x080062e0   Section        0  ff.o(i.get_ldnumber)
    get_ldnumber                             0x080062e1   Thumb Code    50  ff.o(i.get_ldnumber)
    i.inc_lock                               0x08006314   Section        0  ff.o(i.inc_lock)
    inc_lock                                 0x08006315   Thumb Code   226  ff.o(i.inc_lock)
    i.initQueue                              0x080063fc   Section        0  drawqueue.o(i.initQueue)
    i.initiateSPIRx                          0x0800640a   Section        0  gameman_reva0.o(i.initiateSPIRx)
    i.isEmpty                                0x08006428   Section        0  drawqueue.o(i.isEmpty)
    i.isFull                                 0x0800643e   Section        0  drawqueue.o(i.isFull)
    i.ld_clust                               0x08006458   Section        0  ff.o(i.ld_clust)
    ld_clust                                 0x08006459   Thumb Code    34  ff.o(i.ld_clust)
    i.loadImage                              0x0800647c   Section        0  bitmap_tools.o(i.loadImage)
    i.loadLinkSpriteSet                      0x080065a8   Section        0  link_pc.o(i.loadLinkSpriteSet)
    i.main                                   0x080066ec   Section        0  main.o(i.main)
    i.malloc                                 0x08006774   Section        0  malloc.o(i.malloc)
    i.mem_cmp                                0x080067e0   Section        0  ff.o(i.mem_cmp)
    mem_cmp                                  0x080067e1   Thumb Code    38  ff.o(i.mem_cmp)
    i.mem_cpy                                0x08006806   Section        0  ff.o(i.mem_cpy)
    mem_cpy                                  0x08006807   Thumb Code    26  ff.o(i.mem_cpy)
    i.mem_set                                0x08006820   Section        0  ff.o(i.mem_set)
    mem_set                                  0x08006821   Thumb Code    20  ff.o(i.mem_set)
    i.move_window                            0x08006834   Section        0  ff.o(i.move_window)
    move_window                              0x08006835   Thumb Code    54  ff.o(i.move_window)
    i.put_fat                                0x0800686a   Section        0  ff.o(i.put_fat)
    i.removeItem                             0x080069a0   Section        0  drawqueue.o(i.removeItem)
    i.remove_chain                           0x080069f6   Section        0  ff.o(i.remove_chain)
    remove_chain                             0x080069f7   Thumb Code   122  ff.o(i.remove_chain)
    i.renderLinkCPU                          0x08006a70   Section        0  link_pc.o(i.renderLinkCPU)
    i.renderLinkDMA2D                        0x08006ac0   Section        0  link_pc.o(i.renderLinkDMA2D)
    i.renderMenuCPU                          0x08006ac2   Section        0  mainmenu.o(i.renderMenuCPU)
    i.renderMenuDMA2D                        0x08006b26   Section        0  mainmenu.o(i.renderMenuDMA2D)
    i.retrieveSPI                            0x08006b28   Section        0  gameman_reva0.o(i.retrieveSPI)
    i.runGame                                0x08006b40   Section        0  testgame.o(i.runGame)
    i.simpleLoad                             0x08006c58   Section        0  gameman_reva0.o(i.simpleLoad)
    i.st_clust                               0x08006c84   Section        0  ff.o(i.st_clust)
    st_clust                                 0x08006c85   Thumb Code    16  ff.o(i.st_clust)
    i.sum_sfn                                0x08006c94   Section        0  ff.o(i.sum_sfn)
    sum_sfn                                  0x08006c95   Thumb Code    32  ff.o(i.sum_sfn)
    i.swap                                   0x08006cb4   Section        0  gameman_reva0.o(i.swap)
    i.switchToLinkTest                       0x08006cec   Section        0  testgame.o(i.switchToLinkTest)
    i.switchToMainMenu                       0x08006d34   Section        0  testgame.o(i.switchToMainMenu)
    i.sync_window                            0x08006d8c   Section        0  ff.o(i.sync_window)
    sync_window                              0x08006d8d   Thumb Code    90  ff.o(i.sync_window)
    i.updateGame                             0x08006de8   Section        0  testgame.o(i.updateGame)
    i.updateLink                             0x08006efc   Section        0  link_pc.o(i.updateLink)
    i.updateMenu                             0x08007040   Section        0  mainmenu.o(i.updateMenu)
    i.updateObjects                          0x08007174   Section        0  testgame.o(i.updateObjects)
    i.validate                               0x080071b0   Section        0  ff.o(i.validate)
    validate                                 0x080071b1   Thumb Code    70  ff.o(i.validate)
    i.writeCharToScreen                      0x080071f8   Section        0  gameman_reva0.o(i.writeCharToScreen)
    i.writeStringToScreen                    0x080072b0   Section        0  gameman_reva0.o(i.writeStringToScreen)
    .constdata                               0x08007316   Section       16  stm32f4xx_hal_rcc.o(.constdata)
    .constdata                               0x08007326   Section      186  ff.o(.constdata)
    ExCvt                                    0x08007326   Data         128  ff.o(.constdata)
    LfnOfs                                   0x080073a6   Data          13  ff.o(.constdata)
    vst                                      0x080073b4   Data          22  ff.o(.constdata)
    cst                                      0x080073ca   Data          22  ff.o(.constdata)
    .constdata                               0x080073e0   Section     1216  ccsbcs.o(.constdata)
    Tbl                                      0x080073e0   Data         256  ccsbcs.o(.constdata)
    tbl_lower                                0x080074e0   Data         480  ccsbcs.o(.constdata)
    tbl_upper                                0x080076c0   Data         480  ccsbcs.o(.constdata)
    .constdata                               0x080078a0   Section     4062  testgame.o(.constdata)
    sta013_patch                             0x080078a0   Data        4020  testgame.o(.constdata)
    .constdata                               0x0800887e   Section    74690  stm32f4xx_it.o(.constdata)
    sta013_patch                             0x0800887e   Data        4020  stm32f4xx_it.o(.constdata)
    kraidslair                               0x08009832   Data       70670  stm32f4xx_it.o(.constdata)
    .constdata                               0x0801ac40   Section     5160  gameman_reva0.o(.constdata)
    sta013_patch                             0x0801ac40   Data        4020  gameman_reva0.o(.constdata)
    .conststring                             0x0801c068   Section      110  testgame.o(.conststring)
    .data                                    0x20000000   Section        4  stm32f4xx_hal.o(.data)
    uwTick                                   0x20000000   Data           4  stm32f4xx_hal.o(.data)
    .data                                    0x20000004   Section       20  system_stm32f4xx.o(.data)
    .data                                    0x20000018   Section        6  ff.o(.data)
    FatFs                                    0x20000018   Data           4  ff.o(.data)
    Fsid                                     0x2000001c   Data           2  ff.o(.data)
    .data                                    0x20000020   Section       24  sd_diskio.o(.data)
    Stat                                     0x20000020   Data           1  sd_diskio.o(.data)
    .data                                    0x20000038   Section        8  stm32f4xx_hal_msp.o(.data)
    FMC_Initialized                          0x20000038   Data           4  stm32f4xx_hal_msp.o(.data)
    FMC_DeInitialized                        0x2000003c   Data           4  stm32f4xx_hal_msp.o(.data)
    .data                                    0x20000040   Section       24  main.o(.data)
    .data                                    0x20000058   Section       33  testgame.o(.data)
    .data                                    0x2000007c   Section       28  gameman_reva0.o(.data)
    .data                                    0x20000098   Section        4  mvars.o(.data)
    .data                                    0x2000009c   Section        4  mvars.o(.data)
    .bss                                     0x200000a0   Section       24  ff.o(.bss)
    Files                                    0x200000a0   Data          24  ff.o(.bss)
    .bss                                     0x200000b8   Section       12  ff_gen_drv.o(.bss)
    .bss                                     0x200000c8   Section     1496  main.o(.bss)
    .bss                                     0x200006a0   Section     1028  testgame.o(.bss)
    .bss                                     0x20000aa4   Section       80  gameman_reva0.o(.bss)
    HEAP                                     0x20000af8   Section    153600  startup_stm32f439xx.o(HEAP)
    STACK                                    0x200262f8   Section     4096  startup_stm32f439xx.o(STACK)

    Global Symbols

    Symbol Name                              Value     Ov Type        Size  Object(Section)

    BuildAttributes$$THM_ISAv4$E$P$D$K$B$S$7EM$VFPi3$EXTD16$VFPS$VFMA$PE$A:L22UL41UL21$X:L11$S22US41US21$IEEE1$IW$USESV6$~STKCKD$USESV7$~SHL$OSPACE$ROPI$EBA8$MICROLIB$REQ8$PRES8$EABIv2 0x00000000   Number         0  anon$$obj.o ABSOLUTE
    __ARM_use_no_argv                        0x00000000   Number         0  main.o ABSOLUTE
    __use_no_errno                           0x00000000   Number         0  useno.o ABSOLUTE
    __use_no_exception_handling              0x00000000   Number         0  useno.o ABSOLUTE
    __use_no_fp                              0x00000000   Number         0  useno.o ABSOLUTE
    __use_no_heap                            0x00000000   Number         0  useno.o ABSOLUTE
    __use_no_heap_region                     0x00000000   Number         0  useno.o ABSOLUTE
    __use_no_semihosting                     0x00000000   Number         0  useno.o ABSOLUTE
    __use_no_semihosting_swi                 0x00000000   Number         0  useno.o ABSOLUTE
    __use_no_signal_handling                 0x00000000   Number         0  useno.o ABSOLUTE
    _printf_a                                0x00000000   Number         0  stubs.o ABSOLUTE
    _printf_c                                0x00000000   Number         0  stubs.o ABSOLUTE
    _printf_charcount                        0x00000000   Number         0  stubs.o ABSOLUTE
    _printf_d                                0x00000000   Number         0  stubs.o ABSOLUTE
    _printf_e                                0x00000000   Number         0  stubs.o ABSOLUTE
    _printf_f                                0x00000000   Number         0  stubs.o ABSOLUTE
    _printf_flags                            0x00000000   Number         0  stubs.o ABSOLUTE
    _printf_fp_dec                           0x00000000   Number         0  stubs.o ABSOLUTE
    _printf_fp_hex                           0x00000000   Number         0  stubs.o ABSOLUTE
    _printf_g                                0x00000000   Number         0  stubs.o ABSOLUTE
    _printf_i                                0x00000000   Number         0  stubs.o ABSOLUTE
    _printf_int_dec                          0x00000000   Number         0  stubs.o ABSOLUTE
    _printf_l                                0x00000000   Number         0  stubs.o ABSOLUTE
    _printf_lc                               0x00000000   Number         0  stubs.o ABSOLUTE
    _printf_ll                               0x00000000   Number         0  stubs.o ABSOLUTE
    _printf_lld                              0x00000000   Number         0  stubs.o ABSOLUTE
    _printf_lli                              0x00000000   Number         0  stubs.o ABSOLUTE
    _printf_llo                              0x00000000   Number         0  stubs.o ABSOLUTE
    _printf_llu                              0x00000000   Number         0  stubs.o ABSOLUTE
    _printf_llx                              0x00000000   Number         0  stubs.o ABSOLUTE
    _printf_longlong_dec                     0x00000000   Number         0  stubs.o ABSOLUTE
    _printf_longlong_hex                     0x00000000   Number         0  stubs.o ABSOLUTE
    _printf_longlong_oct                     0x00000000   Number         0  stubs.o ABSOLUTE
    _printf_ls                               0x00000000   Number         0  stubs.o ABSOLUTE
    _printf_mbtowc                           0x00000000   Number         0  stubs.o ABSOLUTE
    _printf_n                                0x00000000   Number         0  stubs.o ABSOLUTE
    _printf_o                                0x00000000   Number         0  stubs.o ABSOLUTE
    _printf_p                                0x00000000   Number         0  stubs.o ABSOLUTE
    _printf_percent                          0x00000000   Number         0  stubs.o ABSOLUTE
    _printf_pre_padding                      0x00000000   Number         0  stubs.o ABSOLUTE
    _printf_return_value                     0x00000000   Number         0  stubs.o ABSOLUTE
    _printf_s                                0x00000000   Number         0  stubs.o ABSOLUTE
    _printf_sizespec                         0x00000000   Number         0  stubs.o ABSOLUTE
    _printf_str                              0x00000000   Number         0  stubs.o ABSOLUTE
    _printf_truncate_signed                  0x00000000   Number         0  stubs.o ABSOLUTE
    _printf_truncate_unsigned                0x00000000   Number         0  stubs.o ABSOLUTE
    _printf_u                                0x00000000   Number         0  stubs.o ABSOLUTE
    _printf_wc                               0x00000000   Number         0  stubs.o ABSOLUTE
    _printf_wctomb                           0x00000000   Number         0  stubs.o ABSOLUTE
    _printf_widthprec                        0x00000000   Number         0  stubs.o ABSOLUTE
    _printf_x                                0x00000000   Number         0  stubs.o ABSOLUTE
    __cpp_initialize__aeabi_                  - Undefined Weak Reference
    __cxa_finalize                            - Undefined Weak Reference
    __decompress                              - Undefined Weak Reference
    _clock_init                               - Undefined Weak Reference
    _microlib_exit                            - Undefined Weak Reference
    __Vectors_Size                           0x000001ac   Number         0  startup_stm32f439xx.o ABSOLUTE
    __Vectors                                0x08000000   Data           4  startup_stm32f439xx.o(RESET)
    __Vectors_End                            0x080001ac   Data           0  startup_stm32f439xx.o(RESET)
    __main                                   0x080001ad   Thumb Code     0  entry.o(.ARM.Collect$$$$00000000)
    _main_stk                                0x080001ad   Thumb Code     0  entry2.o(.ARM.Collect$$$$00000001)
    _main_scatterload                        0x080001b1   Thumb Code     0  entry5.o(.ARM.Collect$$$$00000004)
    __main_after_scatterload                 0x080001b5   Thumb Code     0  entry5.o(.ARM.Collect$$$$00000004)
    _main_clock                              0x080001b5   Thumb Code     0  entry7b.o(.ARM.Collect$$$$00000008)
    _main_cpp_init                           0x080001b5   Thumb Code     0  entry8b.o(.ARM.Collect$$$$0000000A)
    _main_init                               0x080001b5   Thumb Code     0  entry9a.o(.ARM.Collect$$$$0000000B)
    __rt_final_cpp                           0x080001bd   Thumb Code     0  entry10a.o(.ARM.Collect$$$$0000000D)
    __rt_final_exit                          0x080001bd   Thumb Code     0  entry11a.o(.ARM.Collect$$$$0000000F)
    Reset_Handler                            0x080001c1   Thumb Code     8  startup_stm32f439xx.o(.text)
    NMI_Handler                              0x080001c9   Thumb Code     2  startup_stm32f439xx.o(.text)
    HardFault_Handler                        0x080001cb   Thumb Code     2  startup_stm32f439xx.o(.text)
    MemManage_Handler                        0x080001cd   Thumb Code     2  startup_stm32f439xx.o(.text)
    BusFault_Handler                         0x080001cf   Thumb Code     2  startup_stm32f439xx.o(.text)
    UsageFault_Handler                       0x080001d1   Thumb Code     2  startup_stm32f439xx.o(.text)
    SVC_Handler                              0x080001d3   Thumb Code     2  startup_stm32f439xx.o(.text)
    DebugMon_Handler                         0x080001d5   Thumb Code     2  startup_stm32f439xx.o(.text)
    PendSV_Handler                           0x080001d7   Thumb Code     2  startup_stm32f439xx.o(.text)
    ADC_IRQHandler                           0x080001db   Thumb Code     0  startup_stm32f439xx.o(.text)
    CAN1_RX0_IRQHandler                      0x080001db   Thumb Code     0  startup_stm32f439xx.o(.text)
    CAN1_RX1_IRQHandler                      0x080001db   Thumb Code     0  startup_stm32f439xx.o(.text)
    CAN1_SCE_IRQHandler                      0x080001db   Thumb Code     0  startup_stm32f439xx.o(.text)
    CAN1_TX_IRQHandler                       0x080001db   Thumb Code     0  startup_stm32f439xx.o(.text)
    CAN2_RX0_IRQHandler                      0x080001db   Thumb Code     0  startup_stm32f439xx.o(.text)
    CAN2_RX1_IRQHandler                      0x080001db   Thumb Code     0  startup_stm32f439xx.o(.text)
    CAN2_SCE_IRQHandler                      0x080001db   Thumb Code     0  startup_stm32f439xx.o(.text)
    CAN2_TX_IRQHandler                       0x080001db   Thumb Code     0  startup_stm32f439xx.o(.text)
    CRYP_IRQHandler                          0x080001db   Thumb Code     0  startup_stm32f439xx.o(.text)
    DCMI_IRQHandler                          0x080001db   Thumb Code     0  startup_stm32f439xx.o(.text)
    DMA1_Stream0_IRQHandler                  0x080001db   Thumb Code     0  startup_stm32f439xx.o(.text)
    DMA1_Stream1_IRQHandler                  0x080001db   Thumb Code     0  startup_stm32f439xx.o(.text)
    DMA1_Stream2_IRQHandler                  0x080001db   Thumb Code     0  startup_stm32f439xx.o(.text)
    DMA1_Stream3_IRQHandler                  0x080001db   Thumb Code     0  startup_stm32f439xx.o(.text)
    DMA1_Stream4_IRQHandler                  0x080001db   Thumb Code     0  startup_stm32f439xx.o(.text)
    DMA1_Stream5_IRQHandler                  0x080001db   Thumb Code     0  startup_stm32f439xx.o(.text)
    DMA1_Stream6_IRQHandler                  0x080001db   Thumb Code     0  startup_stm32f439xx.o(.text)
    DMA1_Stream7_IRQHandler                  0x080001db   Thumb Code     0  startup_stm32f439xx.o(.text)
    DMA2D_IRQHandler                         0x080001db   Thumb Code     0  startup_stm32f439xx.o(.text)
    DMA2_Stream0_IRQHandler                  0x080001db   Thumb Code     0  startup_stm32f439xx.o(.text)
    DMA2_Stream1_IRQHandler                  0x080001db   Thumb Code     0  startup_stm32f439xx.o(.text)
    DMA2_Stream2_IRQHandler                  0x080001db   Thumb Code     0  startup_stm32f439xx.o(.text)
    DMA2_Stream3_IRQHandler                  0x080001db   Thumb Code     0  startup_stm32f439xx.o(.text)
    DMA2_Stream4_IRQHandler                  0x080001db   Thumb Code     0  startup_stm32f439xx.o(.text)
    DMA2_Stream5_IRQHandler                  0x080001db   Thumb Code     0  startup_stm32f439xx.o(.text)
    DMA2_Stream6_IRQHandler                  0x080001db   Thumb Code     0  startup_stm32f439xx.o(.text)
    DMA2_Stream7_IRQHandler                  0x080001db   Thumb Code     0  startup_stm32f439xx.o(.text)
    ETH_IRQHandler                           0x080001db   Thumb Code     0  startup_stm32f439xx.o(.text)
    ETH_WKUP_IRQHandler                      0x080001db   Thumb Code     0  startup_stm32f439xx.o(.text)
    EXTI15_10_IRQHandler                     0x080001db   Thumb Code     0  startup_stm32f439xx.o(.text)
    EXTI1_IRQHandler                         0x080001db   Thumb Code     0  startup_stm32f439xx.o(.text)
    EXTI2_IRQHandler                         0x080001db   Thumb Code     0  startup_stm32f439xx.o(.text)
    EXTI3_IRQHandler                         0x080001db   Thumb Code     0  startup_stm32f439xx.o(.text)
    EXTI4_IRQHandler                         0x080001db   Thumb Code     0  startup_stm32f439xx.o(.text)
    EXTI9_5_IRQHandler                       0x080001db   Thumb Code     0  startup_stm32f439xx.o(.text)
    FLASH_IRQHandler                         0x080001db   Thumb Code     0  startup_stm32f439xx.o(.text)
    FMC_IRQHandler                           0x080001db   Thumb Code     0  startup_stm32f439xx.o(.text)
    FPU_IRQHandler                           0x080001db   Thumb Code     0  startup_stm32f439xx.o(.text)
    HASH_RNG_IRQHandler                      0x080001db   Thumb Code     0  startup_stm32f439xx.o(.text)
    I2C1_ER_IRQHandler                       0x080001db   Thumb Code     0  startup_stm32f439xx.o(.text)
    I2C1_EV_IRQHandler                       0x080001db   Thumb Code     0  startup_stm32f439xx.o(.text)
    I2C2_ER_IRQHandler                       0x080001db   Thumb Code     0  startup_stm32f439xx.o(.text)
    I2C2_EV_IRQHandler                       0x080001db   Thumb Code     0  startup_stm32f439xx.o(.text)
    I2C3_ER_IRQHandler                       0x080001db   Thumb Code     0  startup_stm32f439xx.o(.text)
    I2C3_EV_IRQHandler                       0x080001db   Thumb Code     0  startup_stm32f439xx.o(.text)
    LTDC_ER_IRQHandler                       0x080001db   Thumb Code     0  startup_stm32f439xx.o(.text)
    LTDC_IRQHandler                          0x080001db   Thumb Code     0  startup_stm32f439xx.o(.text)
    OTG_FS_IRQHandler                        0x080001db   Thumb Code     0  startup_stm32f439xx.o(.text)
    OTG_FS_WKUP_IRQHandler                   0x080001db   Thumb Code     0  startup_stm32f439xx.o(.text)
    OTG_HS_EP1_IN_IRQHandler                 0x080001db   Thumb Code     0  startup_stm32f439xx.o(.text)
    OTG_HS_EP1_OUT_IRQHandler                0x080001db   Thumb Code     0  startup_stm32f439xx.o(.text)
    OTG_HS_IRQHandler                        0x080001db   Thumb Code     0  startup_stm32f439xx.o(.text)
    OTG_HS_WKUP_IRQHandler                   0x080001db   Thumb Code     0  startup_stm32f439xx.o(.text)
    PVD_IRQHandler                           0x080001db   Thumb Code     0  startup_stm32f439xx.o(.text)
    RCC_IRQHandler                           0x080001db   Thumb Code     0  startup_stm32f439xx.o(.text)
    RTC_Alarm_IRQHandler                     0x080001db   Thumb Code     0  startup_stm32f439xx.o(.text)
    RTC_WKUP_IRQHandler                      0x080001db   Thumb Code     0  startup_stm32f439xx.o(.text)
    SAI1_IRQHandler                          0x080001db   Thumb Code     0  startup_stm32f439xx.o(.text)
    SDIO_IRQHandler                          0x080001db   Thumb Code     0  startup_stm32f439xx.o(.text)
    SPI1_IRQHandler                          0x080001db   Thumb Code     0  startup_stm32f439xx.o(.text)
    SPI2_IRQHandler                          0x080001db   Thumb Code     0  startup_stm32f439xx.o(.text)
    SPI3_IRQHandler                          0x080001db   Thumb Code     0  startup_stm32f439xx.o(.text)
    SPI4_IRQHandler                          0x080001db   Thumb Code     0  startup_stm32f439xx.o(.text)
    SPI5_IRQHandler                          0x080001db   Thumb Code     0  startup_stm32f439xx.o(.text)
    SPI6_IRQHandler                          0x080001db   Thumb Code     0  startup_stm32f439xx.o(.text)
    TAMP_STAMP_IRQHandler                    0x080001db   Thumb Code     0  startup_stm32f439xx.o(.text)
    TIM1_BRK_TIM9_IRQHandler                 0x080001db   Thumb Code     0  startup_stm32f439xx.o(.text)
    TIM1_CC_IRQHandler                       0x080001db   Thumb Code     0  startup_stm32f439xx.o(.text)
    TIM1_TRG_COM_TIM11_IRQHandler            0x080001db   Thumb Code     0  startup_stm32f439xx.o(.text)
    TIM1_UP_TIM10_IRQHandler                 0x080001db   Thumb Code     0  startup_stm32f439xx.o(.text)
    TIM2_IRQHandler                          0x080001db   Thumb Code     0  startup_stm32f439xx.o(.text)
    TIM3_IRQHandler                          0x080001db   Thumb Code     0  startup_stm32f439xx.o(.text)
    TIM4_IRQHandler                          0x080001db   Thumb Code     0  startup_stm32f439xx.o(.text)
    TIM5_IRQHandler                          0x080001db   Thumb Code     0  startup_stm32f439xx.o(.text)
    TIM6_DAC_IRQHandler                      0x080001db   Thumb Code     0  startup_stm32f439xx.o(.text)
    TIM7_IRQHandler                          0x080001db   Thumb Code     0  startup_stm32f439xx.o(.text)
    TIM8_BRK_TIM12_IRQHandler                0x080001db   Thumb Code     0  startup_stm32f439xx.o(.text)
    TIM8_CC_IRQHandler                       0x080001db   Thumb Code     0  startup_stm32f439xx.o(.text)
    TIM8_TRG_COM_TIM14_IRQHandler            0x080001db   Thumb Code     0  startup_stm32f439xx.o(.text)
    TIM8_UP_TIM13_IRQHandler                 0x080001db   Thumb Code     0  startup_stm32f439xx.o(.text)
    UART4_IRQHandler                         0x080001db   Thumb Code     0  startup_stm32f439xx.o(.text)
    UART5_IRQHandler                         0x080001db   Thumb Code     0  startup_stm32f439xx.o(.text)
    UART7_IRQHandler                         0x080001db   Thumb Code     0  startup_stm32f439xx.o(.text)
    UART8_IRQHandler                         0x080001db   Thumb Code     0  startup_stm32f439xx.o(.text)
    USART1_IRQHandler                        0x080001db   Thumb Code     0  startup_stm32f439xx.o(.text)
    USART2_IRQHandler                        0x080001db   Thumb Code     0  startup_stm32f439xx.o(.text)
    USART3_IRQHandler                        0x080001db   Thumb Code     0  startup_stm32f439xx.o(.text)
    USART6_IRQHandler                        0x080001db   Thumb Code     0  startup_stm32f439xx.o(.text)
    WWDG_IRQHandler                          0x080001db   Thumb Code     0  startup_stm32f439xx.o(.text)
    __aeabi_uldivmod                         0x080001e5   Thumb Code    98  uldiv.o(.text)
    __aeabi_memcpy                           0x08000247   Thumb Code    36  memcpya.o(.text)
    __aeabi_memcpy4                          0x08000247   Thumb Code     0  memcpya.o(.text)
    __aeabi_memcpy8                          0x08000247   Thumb Code     0  memcpya.o(.text)
    __aeabi_uidiv                            0x0800026b   Thumb Code     0  uidiv.o(.text)
    __aeabi_uidivmod                         0x0800026b   Thumb Code    44  uidiv.o(.text)
    __aeabi_llsl                             0x08000297   Thumb Code    30  llshl.o(.text)
    _ll_shift_l                              0x08000297   Thumb Code     0  llshl.o(.text)
    __aeabi_llsr                             0x080002b5   Thumb Code    32  llushr.o(.text)
    _ll_ushift_r                             0x080002b5   Thumb Code     0  llushr.o(.text)
    __scatterload                            0x080002d5   Thumb Code    28  init.o(.text)
    __scatterload_rt2                        0x080002d5   Thumb Code     0  init.o(.text)
    BSP_SD_GetCardInfo                       0x080002f9   Thumb Code    14  bsp_driver_sd.o(i.BSP_SD_GetCardInfo)
    BSP_SD_GetStatus                         0x0800030d   Thumb Code    10  bsp_driver_sd.o(i.BSP_SD_GetStatus)
    BSP_SD_Init                              0x0800031d   Thumb Code    86  bsp_driver_sd.o(i.BSP_SD_Init)
    BSP_SD_IsDetected                        0x0800037d   Thumb Code    12  bsp_driver_sd.o(i.BSP_SD_IsDetected)
    BSP_SD_ReadBlocks                        0x08000389   Thumb Code    42  bsp_driver_sd.o(i.BSP_SD_ReadBlocks)
    BSP_SD_WriteBlocks                       0x080003b9   Thumb Code    42  bsp_driver_sd.o(i.BSP_SD_WriteBlocks)
    EXTI0_IRQHandler                         0x080003e9   Thumb Code   186  stm32f4xx_it.o(i.EXTI0_IRQHandler)
    Error_Handler                            0x080004c5   Thumb Code    12  gameman_reva0.o(i.Error_Handler)
    FATFS_LinkDriver                         0x080004d1   Thumb Code    70  ff_gen_drv.o(i.FATFS_LinkDriver)
    FMC_NORSRAM_Extended_Timing_Init         0x0800051d   Thumb Code    68  stm32f4xx_ll_fmc.o(i.FMC_NORSRAM_Extended_Timing_Init)
    FMC_NORSRAM_Init                         0x08000561   Thumb Code   108  stm32f4xx_ll_fmc.o(i.FMC_NORSRAM_Init)
    FMC_NORSRAM_Timing_Init                  0x080005cd   Thumb Code    84  stm32f4xx_ll_fmc.o(i.FMC_NORSRAM_Timing_Init)
    GameManLed_Write                         0x08000621   Thumb Code    36  gameman_reva0.o(i.GameManLed_Write)
    HAL_DAC_ConfigChannel                    0x0800064d   Thumb Code    88  stm32f4xx_hal_dac.o(i.HAL_DAC_ConfigChannel)
    HAL_DAC_Init                             0x080006a9   Thumb Code    36  stm32f4xx_hal_dac.o(i.HAL_DAC_Init)
    HAL_DAC_MspInit                          0x080006cd   Thumb Code    50  stm32f4xx_hal_msp.o(i.HAL_DAC_MspInit)
    HAL_DMA2D_Init                           0x0800070d   Thumb Code    92  stm32f4xx_hal_dma2d.o(i.HAL_DMA2D_Init)
    HAL_DMA2D_MspInit                        0x08000769   Thumb Code    22  stm32f4xx_hal_msp.o(i.HAL_DMA2D_MspInit)
    HAL_Delay                                0x08000789   Thumb Code    26  stm32f4xx_hal.o(i.HAL_Delay)
    HAL_GPIO_Init                            0x08000875   Thumb Code   466  stm32f4xx_hal_gpio.o(i.HAL_GPIO_Init)
    HAL_GPIO_WritePin                        0x08000a7d   Thumb Code    10  stm32f4xx_hal_gpio.o(i.HAL_GPIO_WritePin)
    HAL_GetTick                              0x08000a89   Thumb Code     6  stm32f4xx_hal.o(i.HAL_GetTick)
    HAL_I2C_Init                             0x08000a95   Thumb Code   274  stm32f4xx_hal_i2c.o(i.HAL_I2C_Init)
    HAL_I2C_MspInit                          0x08000bb1   Thumb Code    58  stm32f4xx_hal_msp.o(i.HAL_I2C_MspInit)
    HAL_IncTick                              0x08000bf9   Thumb Code    12  stm32f4xx_hal.o(i.HAL_IncTick)
    HAL_Init                                 0x08000c09   Thumb Code    54  stm32f4xx_hal.o(i.HAL_Init)
    HAL_InitTick                             0x08000c45   Thumb Code    36  stm32f4xx_hal.o(i.HAL_InitTick)
    HAL_LTDC_ConfigLayer                     0x08000c69   Thumb Code    94  stm32f4xx_hal_ltdc.o(i.HAL_LTDC_ConfigLayer)
    HAL_LTDC_Init                            0x08000cc9   Thumb Code   284  stm32f4xx_hal_ltdc.o(i.HAL_LTDC_Init)
    HAL_LTDC_MspInit                         0x08000de9   Thumb Code   224  stm32f4xx_hal_msp.o(i.HAL_LTDC_MspInit)
    HAL_MspInit                              0x08000ee9   Thumb Code    20  stm32f4xx_hal_msp.o(i.HAL_MspInit)
    HAL_NVIC_SetPriority                     0x08000efd   Thumb Code   124  stm32f4xx_hal_cortex.o(i.HAL_NVIC_SetPriority)
    HAL_NVIC_SetPriorityGrouping             0x08000f79   Thumb Code    32  stm32f4xx_hal_cortex.o(i.HAL_NVIC_SetPriorityGrouping)
    HAL_PWREx_ActivateOverDrive              0x08000fa1   Thumb Code   108  stm32f4xx_hal_pwr_ex.o(i.HAL_PWREx_ActivateOverDrive)
    HAL_RCCEx_PeriphCLKConfig                0x08001019   Thumb Code   750  stm32f4xx_hal_rcc_ex.o(i.HAL_RCCEx_PeriphCLKConfig)
    HAL_RCC_ClockConfig                      0x08001321   Thumb Code   588  stm32f4xx_hal_rcc.o(i.HAL_RCC_ClockConfig)
    HAL_RCC_GetHCLKFreq                      0x08001575   Thumb Code    42  stm32f4xx_hal_rcc.o(i.HAL_RCC_GetHCLKFreq)
    HAL_RCC_GetPCLK1Freq                     0x080015ad   Thumb Code    36  stm32f4xx_hal_rcc.o(i.HAL_RCC_GetPCLK1Freq)
    HAL_RCC_GetPCLK2Freq                     0x080015d9   Thumb Code    36  stm32f4xx_hal_rcc.o(i.HAL_RCC_GetPCLK2Freq)
    HAL_RCC_GetSysClockFreq                  0x08001605   Thumb Code   182  stm32f4xx_hal_rcc.o(i.HAL_RCC_GetSysClockFreq)
    HAL_RCC_MCOConfig                        0x080016c9   Thumb Code   138  stm32f4xx_hal_rcc.o(i.HAL_RCC_MCOConfig)
    HAL_RCC_OscConfig                        0x08001761   Thumb Code  1002  stm32f4xx_hal_rcc.o(i.HAL_RCC_OscConfig)
    HAL_RNG_Init                             0x08001b5d   Thumb Code    44  stm32f4xx_hal_rng.o(i.HAL_RNG_Init)
    HAL_RNG_MspInit                          0x08001b89   Thumb Code    22  stm32f4xx_hal_msp.o(i.HAL_RNG_MspInit)
    HAL_SD_GetCardStatus                     0x08001ba9   Thumb Code   174  stm32f4xx_hal_sd.o(i.HAL_SD_GetCardStatus)
    HAL_SD_GetStatus                         0x08001c57   Thumb Code    34  stm32f4xx_hal_sd.o(i.HAL_SD_GetStatus)
    HAL_SD_Get_CardInfo                      0x08001c79   Thumb Code   708  stm32f4xx_hal_sd.o(i.HAL_SD_Get_CardInfo)
    HAL_SD_Init                              0x08001f3d   Thumb Code   154  stm32f4xx_hal_sd.o(i.HAL_SD_Init)
    HAL_SD_MspInit                           0x08001fd9   Thumb Code    88  stm32f4xx_hal_msp.o(i.HAL_SD_MspInit)
    HAL_SD_ReadBlocks                        0x08002041   Thumb Code   496  stm32f4xx_hal_sd.o(i.HAL_SD_ReadBlocks)
    HAL_SD_SendSDStatus                      0x08002231   Thumb Code   364  stm32f4xx_hal_sd.o(i.HAL_SD_SendSDStatus)
    HAL_SD_StopTransfer                      0x0800239d   Thumb Code    54  stm32f4xx_hal_sd.o(i.HAL_SD_StopTransfer)
    HAL_SD_WideBusOperation_Config           0x080023d3   Thumb Code   126  stm32f4xx_hal_sd.o(i.HAL_SD_WideBusOperation_Config)
    HAL_SD_WriteBlocks                       0x08002451   Thumb Code   650  stm32f4xx_hal_sd.o(i.HAL_SD_WriteBlocks)
    HAL_SPI_Init                             0x080026db   Thumb Code   132  stm32f4xx_hal_spi.o(i.HAL_SPI_Init)
    HAL_SPI_MspInit                          0x08002761   Thumb Code   222  stm32f4xx_hal_msp.o(i.HAL_SPI_MspInit)
    HAL_SPI_Transmit                         0x08002861   Thumb Code   454  stm32f4xx_hal_spi.o(i.HAL_SPI_Transmit)
    HAL_SRAM_Init                            0x08002a27   Thumb Code    82  stm32f4xx_hal_sram.o(i.HAL_SRAM_Init)
    HAL_SRAM_MspInit                         0x08002a79   Thumb Code    10  stm32f4xx_hal_msp.o(i.HAL_SRAM_MspInit)
    HAL_SYSTICK_Callback                     0x08002a83   Thumb Code     2  stm32f4xx_hal_cortex.o(i.HAL_SYSTICK_Callback)
    HAL_SYSTICK_Config                       0x08002a85   Thumb Code    52  stm32f4xx_hal_cortex.o(i.HAL_SYSTICK_Config)
    HAL_SYSTICK_IRQHandler                   0x08002ab9   Thumb Code     8  stm32f4xx_hal_cortex.o(i.HAL_SYSTICK_IRQHandler)
    HAL_UART_Init                            0x08002ac1   Thumb Code   106  stm32f4xx_hal_uart.o(i.HAL_UART_Init)
    HAL_UART_MspInit                         0x08002b2d   Thumb Code   108  stm32f4xx_hal_msp.o(i.HAL_UART_MspInit)
    HAL_UART_Transmit                        0x08002bad   Thumb Code   242  stm32f4xx_hal_uart.o(i.HAL_UART_Transmit)
    NV3035_init                              0x080032a1   Thumb Code    60  gameman_reva0.o(i.NV3035_init)
    NV3035_send_cmd                          0x080032dd   Thumb Code    60  gameman_reva0.o(i.NV3035_send_cmd)
    SDIO_DataConfig                          0x08003359   Thumb Code    44  stm32f4xx_ll_sdmmc.o(i.SDIO_DataConfig)
    SDIO_GetCommandResponse                  0x08003385   Thumb Code     8  stm32f4xx_ll_sdmmc.o(i.SDIO_GetCommandResponse)
    SDIO_GetPowerState                       0x0800338d   Thumb Code    10  stm32f4xx_ll_sdmmc.o(i.SDIO_GetPowerState)
    SDIO_GetResponse                         0x08003399   Thumb Code    20  stm32f4xx_ll_sdmmc.o(i.SDIO_GetResponse)
    SDIO_Init                                0x080033b1   Thumb Code    52  stm32f4xx_ll_sdmmc.o(i.SDIO_Init)
    SDIO_PowerState_ON                       0x080033e5   Thumb Code    10  stm32f4xx_ll_sdmmc.o(i.SDIO_PowerState_ON)
    SDIO_ReadFIFO                            0x080033ef   Thumb Code     8  stm32f4xx_ll_sdmmc.o(i.SDIO_ReadFIFO)
    SDIO_SendCommand                         0x080033f7   Thumb Code    40  stm32f4xx_ll_sdmmc.o(i.SDIO_SendCommand)
    SDIO_WriteFIFO                           0x0800341f   Thumb Code    12  stm32f4xx_ll_sdmmc.o(i.SDIO_WriteFIFO)
    SD_initialize                            0x08003edd   Thumb Code    32  sd_diskio.o(i.SD_initialize)
    SD_ioctl                                 0x08003f01   Thumb Code   116  sd_diskio.o(i.SD_ioctl)
    SD_read                                  0x08003f79   Thumb Code    42  sd_diskio.o(i.SD_read)
    SD_status                                0x08003fa5   Thumb Code    32  sd_diskio.o(i.SD_status)
    SD_write                                 0x08003fc9   Thumb Code    42  sd_diskio.o(i.SD_write)
    SysTick_Handler                          0x08004107   Thumb Code    12  stm32f4xx_it.o(i.SysTick_Handler)
    SystemClock_Config                       0x08004115   Thumb Code   142  main.o(i.SystemClock_Config)
    SystemInit                               0x080041ad   Thumb Code    82  system_stm32f4xx.o(i.SystemInit)
    __0printf$1                              0x08004535   Thumb Code    22  printf1.o(i.__0printf$1)
    __1printf$1                              0x08004535   Thumb Code     0  printf1.o(i.__0printf$1)
    __2printf                                0x08004535   Thumb Code     0  printf1.o(i.__0printf$1)
    __scatterload_copy                       0x08004555   Thumb Code    14  handlers.o(i.__scatterload_copy)
    __scatterload_null                       0x08004563   Thumb Code     2  handlers.o(i.__scatterload_null)
    __scatterload_zeroinit                   0x08004565   Thumb Code    14  handlers.o(i.__scatterload_zeroinit)
    clearBothFrameBuffers                    0x08004805   Thumb Code    24  gameman_reva0.o(i.clearBothFrameBuffers)
    clearFrameBuffer                         0x0800481d   Thumb Code    24  gameman_reva0.o(i.clearFrameBuffer)
    clust2sect                               0x080048a1   Thumb Code    32  ff.o(i.clust2sect)
    constructLink                            0x08004951   Thumb Code    94  link_pc.o(i.constructLink)
    constructMenu                            0x080049bd   Thumb Code    92  mainmenu.o(i.constructMenu)
    deconstructLink                          0x08004d39   Thumb Code    18  link_pc.o(i.deconstructLink)
    deconstructMenu                          0x08004d4b   Thumb Code    18  mainmenu.o(i.deconstructMenu)
    disk_initialize                          0x08005231   Thumb Code    34  diskio.o(i.disk_initialize)
    disk_read                                0x08005259   Thumb Code    36  diskio.o(i.disk_read)
    disk_status                              0x08005281   Thumb Code    20  diskio.o(i.disk_status)
    disk_write                               0x08005299   Thumb Code    36  diskio.o(i.disk_write)
    enqueue                                  0x080052e9   Thumb Code   110  drawqueue.o(i.enqueue)
    f_lseek                                  0x08005357   Thumb Code   804  ff.o(i.f_lseek)
    f_mount                                  0x0800567d   Thumb Code    96  ff.o(i.f_mount)
    f_open                                   0x080056e1   Thumb Code   478  ff.o(i.f_open)
    f_read                                   0x080058bf   Thumb Code   518  ff.o(i.f_read)
    ff_convert                               0x08005ac5   Thumb Code    70  ccsbcs.o(i.ff_convert)
    ff_memalloc                              0x08005b11   Thumb Code    12  syscall.o(i.ff_memalloc)
    ff_memfree                               0x08005b1d   Thumb Code    12  syscall.o(i.ff_memfree)
    ff_wtoupper                              0x08005b29   Thumb Code    46  ccsbcs.o(i.ff_wtoupper)
    fputc                                    0x08006049   Thumb Code    22  main.o(i.fputc)
    framebuffer_layer_init                   0x08006065   Thumb Code    90  gameman_reva0.o(i.framebuffer_layer_init)
    free                                     0x080060c5   Thumb Code    76  malloc.o(i.free)
    gen_numname                              0x08006115   Thumb Code   168  ff.o(i.gen_numname)
    getInputs                                0x080061bd   Thumb Code    56  gameman_reva0.o(i.getInputs)
    get_fat                                  0x080061fd   Thumb Code   224  ff.o(i.get_fat)
    get_fattime                              0x080062dd   Thumb Code     4  diskio.o(i.get_fattime)
    initQueue                                0x080063fd   Thumb Code    14  drawqueue.o(i.initQueue)
    initiateSPIRx                            0x0800640b   Thumb Code    30  gameman_reva0.o(i.initiateSPIRx)
    isEmpty                                  0x08006429   Thumb Code    22  drawqueue.o(i.isEmpty)
    isFull                                   0x0800643f   Thumb Code    26  drawqueue.o(i.isFull)
    loadImage                                0x0800647d   Thumb Code   296  bitmap_tools.o(i.loadImage)
    loadLinkSpriteSet                        0x080065a9   Thumb Code    88  link_pc.o(i.loadLinkSpriteSet)
    main                                     0x080066ed   Thumb Code   122  main.o(i.main)
    malloc                                   0x08006775   Thumb Code    92  malloc.o(i.malloc)
    put_fat                                  0x0800686b   Thumb Code   310  ff.o(i.put_fat)
    removeItem                               0x080069a1   Thumb Code    86  drawqueue.o(i.removeItem)
    renderLinkCPU                            0x08006a71   Thumb Code    76  link_pc.o(i.renderLinkCPU)
    renderLinkDMA2D                          0x08006ac1   Thumb Code     2  link_pc.o(i.renderLinkDMA2D)
    renderMenuCPU                            0x08006ac3   Thumb Code   100  mainmenu.o(i.renderMenuCPU)
    renderMenuDMA2D                          0x08006b27   Thumb Code     2  mainmenu.o(i.renderMenuDMA2D)
    retrieveSPI                              0x08006b29   Thumb Code    24  gameman_reva0.o(i.retrieveSPI)
    runGame                                  0x08006b41   Thumb Code   196  testgame.o(i.runGame)
    simpleLoad                               0x08006c59   Thumb Code    38  gameman_reva0.o(i.simpleLoad)
    swap                                     0x08006cb5   Thumb Code    44  gameman_reva0.o(i.swap)
    switchToLinkTest                         0x08006ced   Thumb Code    54  testgame.o(i.switchToLinkTest)
    switchToMainMenu                         0x08006d35   Thumb Code    60  testgame.o(i.switchToMainMenu)
    updateGame                               0x08006de9   Thumb Code   248  testgame.o(i.updateGame)
    updateLink                               0x08006efd   Thumb Code   316  link_pc.o(i.updateLink)
    updateMenu                               0x08007041   Thumb Code   298  mainmenu.o(i.updateMenu)
    updateObjects                            0x08007175   Thumb Code    54  testgame.o(i.updateObjects)
    writeCharToScreen                        0x080071f9   Thumb Code   174  gameman_reva0.o(i.writeCharToScreen)
    writeStringToScreen                      0x080072b1   Thumb Code   102  gameman_reva0.o(i.writeStringToScreen)
    APBAHBPrescTable                         0x08007316   Data          16  stm32f4xx_hal_rcc.o(.constdata)
    main_menu_header                         0x08008854   Data          42  testgame.o(.constdata)
    Font12_Table                             0x0801bbf4   Data        1140  gameman_reva0.o(.constdata)
    Region$$Table$$Base                      0x0801c0d8   Number         0  anon$$obj.o(Region$$Table)
    Region$$Table$$Limit                     0x0801c0f8   Number         0  anon$$obj.o(Region$$Table)
    SystemCoreClock                          0x20000004   Data           4  system_stm32f4xx.o(.data)
    AHBPrescTable                            0x20000008   Data          16  system_stm32f4xx.o(.data)
    SD_Driver                                0x20000024   Data          20  sd_diskio.o(.data)
    hrng                                     0x20000040   Data           8  main.o(.data)
    retSD                                    0x20000048   Data           1  main.o(.data)
    SD_Path                                  0x20000049   Data           4  main.o(.data)
    __stdout                                 0x20000050   Data           4  main.o(.data)
    __stdin                                  0x20000054   Data           4  main.o(.data)
    gameState                                0x20000058   Data           1  testgame.o(.data)
    delay_timestamp                          0x2000005c   Data           4  testgame.o(.data)
    mainMenu                                 0x20000060   Data           4  testgame.o(.data)
    main_menu_options                        0x20000064   Data          16  testgame.o(.data)
    link                                     0x20000074   Data           4  testgame.o(.data)
    renderstyle                              0x20000078   Data           1  testgame.o(.data)
    globalLoadPointer                        0x2000007c   Data           4  gameman_reva0.o(.data)
    framebuffer_0                            0x20000080   Data           4  gameman_reva0.o(.data)
    framebuffer_1                            0x20000084   Data           4  gameman_reva0.o(.data)
    mp3_ptr                                  0x20000088   Data           4  gameman_reva0.o(.data)
    mp3_end_ptr                              0x2000008c   Data           4  gameman_reva0.o(.data)
    file_ptr                                 0x20000090   Data           4  gameman_reva0.o(.data)
    input_ptr                                0x20000094   Data           4  gameman_reva0.o(.data)
    __microlib_freelist                      0x20000098   Data           4  mvars.o(.data)
    __microlib_freelist_initialised          0x2000009c   Data           4  mvars.o(.data)
    disk                                     0x200000b8   Data          12  ff_gen_drv.o(.bss)
    hdac                                     0x200000c8   Data          20  main.o(.bss)
    hdma2d                                   0x200000dc   Data          64  main.o(.bss)
    hi2c1                                    0x2000011c   Data          56  main.o(.bss)
    hltdc                                    0x20000154   Data         168  main.o(.bss)
    hsd                                      0x200001fc   Data          96  main.o(.bss)
    SDCardInfo                               0x20000260   Data          88  main.o(.bss)
    input_spi                                0x200002b8   Data          84  main.o(.bss)
    mp3_spi                                  0x2000030c   Data          84  main.o(.bss)
    lcd_spi                                  0x20000360   Data          84  main.o(.bss)
    huart1                                   0x200003b4   Data          60  main.o(.bss)
    huart6                                   0x200003f0   Data          60  main.o(.bss)
    hsram1                                   0x2000042c   Data          72  main.o(.bss)
    file                                     0x20000474   Data         556  main.o(.bss)
    drawQueue                                0x200006a0   Data        1028  testgame.o(.bss)
    buttonInput                              0x20000aa4   Data          40  gameman_reva0.o(.bss)
    touchInput                               0x20000acc   Data          40  gameman_reva0.o(.bss)
    __heap_base                              0x20000af8   Data           0  startup_stm32f439xx.o(HEAP)
    __heap_limit                             0x200262f8   Data           0  startup_stm32f439xx.o(HEAP)
    __initial_sp                             0x200272f8   Data           0  startup_stm32f439xx.o(STACK)



==============================================================================

Memory Map of the image

  Image Entry point : 0x080001ad

  Load Region LR_IROM1 (Base: 0x08000000, Size: 0x0001c198, Max: 0x00200000, ABSOLUTE)

    Execution Region ER_IROM1 (Base: 0x08000000, Size: 0x0001c0f8, Max: 0x00200000, ABSOLUTE)

    Base Addr    Size         Type   Attr      Idx    E Section Name        Object

    0x08000000   0x000001ac   Data   RO            3    RESET               startup_stm32f439xx.o
    0x080001ac   0x00000000   Code   RO         4703  * .ARM.Collect$$$$00000000  mc_w.l(entry.o)
    0x080001ac   0x00000004   Code   RO         5003    .ARM.Collect$$$$00000001  mc_w.l(entry2.o)
    0x080001b0   0x00000004   Code   RO         5006    .ARM.Collect$$$$00000004  mc_w.l(entry5.o)
    0x080001b4   0x00000000   Code   RO         5008    .ARM.Collect$$$$00000008  mc_w.l(entry7b.o)
    0x080001b4   0x00000000   Code   RO         5010    .ARM.Collect$$$$0000000A  mc_w.l(entry8b.o)
    0x080001b4   0x00000008   Code   RO         5011    .ARM.Collect$$$$0000000B  mc_w.l(entry9a.o)
    0x080001bc   0x00000000   Code   RO         5013    .ARM.Collect$$$$0000000D  mc_w.l(entry10a.o)
    0x080001bc   0x00000000   Code   RO         5015    .ARM.Collect$$$$0000000F  mc_w.l(entry11a.o)
    0x080001bc   0x00000004   Code   RO         5004    .ARM.Collect$$$$00002712  mc_w.l(entry2.o)
    0x080001c0   0x00000024   Code   RO            4    .text               startup_stm32f439xx.o
    0x080001e4   0x00000062   Code   RO         4706    .text               mc_w.l(uldiv.o)
    0x08000246   0x00000024   Code   RO         4708    .text               mc_w.l(memcpya.o)
    0x0800026a   0x0000002c   Code   RO         5017    .text               mc_w.l(uidiv.o)
    0x08000296   0x0000001e   Code   RO         5019    .text               mc_w.l(llshl.o)
    0x080002b4   0x00000020   Code   RO         5021    .text               mc_w.l(llushr.o)
    0x080002d4   0x00000024   Code   RO         5036    .text               mc_w.l(init.o)
    0x080002f8   0x00000014   Code   RO         3836    i.BSP_SD_GetCardInfo  bsp_driver_sd.o
    0x0800030c   0x00000010   Code   RO         3837    i.BSP_SD_GetStatus  bsp_driver_sd.o
    0x0800031c   0x00000060   Code   RO         3840    i.BSP_SD_Init       bsp_driver_sd.o
    0x0800037c   0x0000000c   Code   RO         3841    i.BSP_SD_IsDetected  bsp_driver_sd.o
    0x08000388   0x00000030   Code   RO         3842    i.BSP_SD_ReadBlocks  bsp_driver_sd.o
    0x080003b8   0x00000030   Code   RO         3844    i.BSP_SD_WriteBlocks  bsp_driver_sd.o
    0x080003e8   0x000000dc   Code   RO         4370    i.EXTI0_IRQHandler  stm32f4xx_it.o
    0x080004c4   0x0000000c   Code   RO         4408    i.Error_Handler     gameman_reva0.o
    0x080004d0   0x0000004c   Code   RO         3594    i.FATFS_LinkDriver  ff_gen_drv.o
    0x0800051c   0x00000044   Code   RO         1240    i.FMC_NORSRAM_Extended_Timing_Init  stm32f4xx_ll_fmc.o
    0x08000560   0x0000006c   Code   RO         1241    i.FMC_NORSRAM_Init  stm32f4xx_ll_fmc.o
    0x080005cc   0x00000054   Code   RO         1242    i.FMC_NORSRAM_Timing_Init  stm32f4xx_ll_fmc.o
    0x08000620   0x0000002c   Code   RO         4411    i.GameManLed_Write  gameman_reva0.o
    0x0800064c   0x0000005c   Code   RO         1098    i.HAL_DAC_ConfigChannel  stm32f4xx_hal_dac.o
    0x080006a8   0x00000024   Code   RO         1108    i.HAL_DAC_Init      stm32f4xx_hal_dac.o
    0x080006cc   0x00000040   Code   RO         3937    i.HAL_DAC_MspInit   stm32f4xx_hal_msp.o
    0x0800070c   0x0000005c   Code   RO         2779    i.HAL_DMA2D_Init    stm32f4xx_hal_dma2d.o
    0x08000768   0x00000020   Code   RO         3939    i.HAL_DMA2D_MspInit  stm32f4xx_hal_msp.o
    0x08000788   0x0000001a   Code   RO         2614    i.HAL_Delay         stm32f4xx_hal.o
    0x080007a2   0x00000002   PAD
    0x080007a4   0x000000d0   Code   RO         3941    i.HAL_FMC_MspInit   stm32f4xx_hal_msp.o
    0x08000874   0x00000208   Code   RO         1555    i.HAL_GPIO_Init     stm32f4xx_hal_gpio.o
    0x08000a7c   0x0000000a   Code   RO         1559    i.HAL_GPIO_WritePin  stm32f4xx_hal_gpio.o
    0x08000a86   0x00000002   PAD
    0x08000a88   0x0000000c   Code   RO         2628    i.HAL_GetTick       stm32f4xx_hal.o
    0x08000a94   0x0000011c   Code   RO           18    i.HAL_I2C_Init      stm32f4xx_hal_i2c.o
    0x08000bb0   0x00000048   Code   RO         3943    i.HAL_I2C_MspInit   stm32f4xx_hal_msp.o
    0x08000bf8   0x00000010   Code   RO         2629    i.HAL_IncTick       stm32f4xx_hal.o
    0x08000c08   0x0000003c   Code   RO         2630    i.HAL_Init          stm32f4xx_hal.o
    0x08000c44   0x00000024   Code   RO         2631    i.HAL_InitTick      stm32f4xx_hal.o
    0x08000c68   0x0000005e   Code   RO         2908    i.HAL_LTDC_ConfigLayer  stm32f4xx_hal_ltdc.o
    0x08000cc6   0x00000002   PAD
    0x08000cc8   0x00000120   Code   RO         2920    i.HAL_LTDC_Init     stm32f4xx_hal_ltdc.o
    0x08000de8   0x00000100   Code   RO         3945    i.HAL_LTDC_MspInit  stm32f4xx_hal_msp.o
    0x08000ee8   0x00000014   Code   RO         3946    i.HAL_MspInit       stm32f4xx_hal_msp.o
    0x08000efc   0x0000007c   Code   RO         1416    i.HAL_NVIC_SetPriority  stm32f4xx_hal_cortex.o
    0x08000f78   0x00000028   Code   RO         1417    i.HAL_NVIC_SetPriorityGrouping  stm32f4xx_hal_cortex.o
    0x08000fa0   0x00000078   Code   RO         2182    i.HAL_PWREx_ActivateOverDrive  stm32f4xx_hal_pwr_ex.o
    0x08001018   0x00000308   Code   RO         1527    i.HAL_RCCEx_PeriphCLKConfig  stm32f4xx_hal_rcc_ex.o
    0x08001320   0x00000254   Code   RO         1849    i.HAL_RCC_ClockConfig  stm32f4xx_hal_rcc.o
    0x08001574   0x00000038   Code   RO         1854    i.HAL_RCC_GetHCLKFreq  stm32f4xx_hal_rcc.o
    0x080015ac   0x0000002c   Code   RO         1856    i.HAL_RCC_GetPCLK1Freq  stm32f4xx_hal_rcc.o
    0x080015d8   0x0000002c   Code   RO         1857    i.HAL_RCC_GetPCLK2Freq  stm32f4xx_hal_rcc.o
    0x08001604   0x000000c4   Code   RO         1858    i.HAL_RCC_GetSysClockFreq  stm32f4xx_hal_rcc.o
    0x080016c8   0x00000098   Code   RO         1859    i.HAL_RCC_MCOConfig  stm32f4xx_hal_rcc.o
    0x08001760   0x000003fc   Code   RO         1861    i.HAL_RCC_OscConfig  stm32f4xx_hal_rcc.o
    0x08001b5c   0x0000002c   Code   RO          620    i.HAL_RNG_Init      stm32f4xx_hal_rng.o
    0x08001b88   0x00000020   Code   RO         3948    i.HAL_RNG_MspInit   stm32f4xx_hal_msp.o
    0x08001ba8   0x000000ae   Code   RO          696    i.HAL_SD_GetCardStatus  stm32f4xx_hal_sd.o
    0x08001c56   0x00000022   Code   RO          697    i.HAL_SD_GetStatus  stm32f4xx_hal_sd.o
    0x08001c78   0x000002c4   Code   RO          698    i.HAL_SD_Get_CardInfo  stm32f4xx_hal_sd.o
    0x08001f3c   0x0000009a   Code   RO          701    i.HAL_SD_Init       stm32f4xx_hal_sd.o
    0x08001fd6   0x00000002   PAD
    0x08001fd8   0x00000068   Code   RO         3950    i.HAL_SD_MspInit    stm32f4xx_hal_msp.o
    0x08002040   0x000001f0   Code   RO          704    i.HAL_SD_ReadBlocks  stm32f4xx_hal_sd.o
    0x08002230   0x0000016c   Code   RO          706    i.HAL_SD_SendSDStatus  stm32f4xx_hal_sd.o
    0x0800239c   0x00000036   Code   RO          707    i.HAL_SD_StopTransfer  stm32f4xx_hal_sd.o
    0x080023d2   0x0000007e   Code   RO          708    i.HAL_SD_WideBusOperation_Config  stm32f4xx_hal_sd.o
    0x08002450   0x0000028a   Code   RO          709    i.HAL_SD_WriteBlocks  stm32f4xx_hal_sd.o
    0x080026da   0x00000084   Code   RO         2386    i.HAL_SPI_Init      stm32f4xx_hal_spi.o
    0x0800275e   0x00000002   PAD
    0x08002760   0x00000100   Code   RO         3952    i.HAL_SPI_MspInit   stm32f4xx_hal_msp.o
    0x08002860   0x000001c6   Code   RO         2394    i.HAL_SPI_Transmit  stm32f4xx_hal_spi.o
    0x08002a26   0x00000052   Code   RO         1736    i.HAL_SRAM_Init     stm32f4xx_hal_sram.o
    0x08002a78   0x0000000a   Code   RO         3954    i.HAL_SRAM_MspInit  stm32f4xx_hal_msp.o
    0x08002a82   0x00000002   Code   RO         1420    i.HAL_SYSTICK_Callback  stm32f4xx_hal_cortex.o
    0x08002a84   0x00000034   Code   RO         1421    i.HAL_SYSTICK_Config  stm32f4xx_hal_cortex.o
    0x08002ab8   0x00000008   Code   RO         1422    i.HAL_SYSTICK_IRQHandler  stm32f4xx_hal_cortex.o
    0x08002ac0   0x0000006a   Code   RO         1965    i.HAL_UART_Init     stm32f4xx_hal_uart.o
    0x08002b2a   0x00000002   PAD
    0x08002b2c   0x00000080   Code   RO         3956    i.HAL_UART_MspInit  stm32f4xx_hal_msp.o
    0x08002bac   0x000000f2   Code   RO         1973    i.HAL_UART_Transmit  stm32f4xx_hal_uart.o
    0x08002c9e   0x0000020e   Code   RO         2930    i.LTDC_SetConfig    stm32f4xx_hal_ltdc.o
    0x08002eac   0x00000034   Code   RO         4076    i.MX_DAC_Init       main.o
    0x08002ee0   0x00000024   Code   RO         4077    i.MX_DMA2D_Init     main.o
    0x08002f04   0x00000070   Code   RO         4078    i.MX_FMC_Init       main.o
    0x08002f74   0x00000148   Code   RO         4079    i.MX_GPIO_Init      main.o
    0x080030bc   0x00000038   Code   RO         4080    i.MX_I2C1_Init      main.o
    0x080030f4   0x00000054   Code   RO         4081    i.MX_LTDC_Init      main.o
    0x08003148   0x00000018   Code   RO         4082    i.MX_RNG_Init       main.o
    0x08003160   0x00000024   Code   RO         4083    i.MX_SDIO_SD_Init   main.o
    0x08003184   0x00000040   Code   RO         4084    i.MX_SPI2_Init      main.o
    0x080031c4   0x00000040   Code   RO         4085    i.MX_SPI3_Init      main.o
    0x08003204   0x0000003c   Code   RO         4086    i.MX_SPI5_Init      main.o
    0x08003240   0x00000030   Code   RO         4087    i.MX_USART1_UART_Init  main.o
    0x08003270   0x00000030   Code   RO         4088    i.MX_USART6_UART_Init  main.o
    0x080032a0   0x0000003c   Code   RO         4413    i.NV3035_init       gameman_reva0.o
    0x080032dc   0x00000044   Code   RO         4414    i.NV3035_send_cmd   gameman_reva0.o
    0x08003320   0x00000010   Code   RO         1423    i.NVIC_GetPriorityGrouping  stm32f4xx_hal_cortex.o
    0x08003330   0x00000028   Code   RO         1424    i.NVIC_SetPriority  stm32f4xx_hal_cortex.o
    0x08003358   0x0000002c   Code   RO         1640    i.SDIO_DataConfig   stm32f4xx_ll_sdmmc.o
    0x08003384   0x00000008   Code   RO         1641    i.SDIO_GetCommandResponse  stm32f4xx_ll_sdmmc.o
    0x0800338c   0x0000000a   Code   RO         1644    i.SDIO_GetPowerState  stm32f4xx_ll_sdmmc.o
    0x08003396   0x00000002   PAD
    0x08003398   0x00000018   Code   RO         1645    i.SDIO_GetResponse  stm32f4xx_ll_sdmmc.o
    0x080033b0   0x00000034   Code   RO         1646    i.SDIO_Init         stm32f4xx_ll_sdmmc.o
    0x080033e4   0x0000000a   Code   RO         1648    i.SDIO_PowerState_ON  stm32f4xx_ll_sdmmc.o
    0x080033ee   0x00000008   Code   RO         1649    i.SDIO_ReadFIFO     stm32f4xx_ll_sdmmc.o
    0x080033f6   0x00000028   Code   RO         1650    i.SDIO_SendCommand  stm32f4xx_ll_sdmmc.o
    0x0800341e   0x0000000c   Code   RO         1652    i.SDIO_WriteFIFO    stm32f4xx_ll_sdmmc.o
    0x0800342a   0x00000036   Code   RO          713    i.SD_CmdError       stm32f4xx_hal_sd.o
    0x08003460   0x00000180   Code   RO          714    i.SD_CmdResp1Error  stm32f4xx_hal_sd.o
    0x080035e0   0x00000046   Code   RO          715    i.SD_CmdResp2Error  stm32f4xx_hal_sd.o
    0x08003626   0x00000032   Code   RO          716    i.SD_CmdResp3Error  stm32f4xx_hal_sd.o
    0x08003658   0x000000ac   Code   RO          717    i.SD_CmdResp6Error  stm32f4xx_hal_sd.o
    0x08003704   0x00000066   Code   RO          718    i.SD_CmdResp7Error  stm32f4xx_hal_sd.o
    0x0800376a   0x00000172   Code   RO          723    i.SD_FindSCR        stm32f4xx_hal_sd.o
    0x080038dc   0x0000001e   Code   RO          724    i.SD_GetState       stm32f4xx_hal_sd.o
    0x080038fa   0x000000fa   Code   RO          725    i.SD_Initialize_Cards  stm32f4xx_hal_sd.o
    0x080039f4   0x000001d4   Code   RO          726    i.SD_IsCardProgramming  stm32f4xx_hal_sd.o
    0x08003bc8   0x00000160   Code   RO          728    i.SD_PowerON        stm32f4xx_hal_sd.o
    0x08003d28   0x00000038   Code   RO          729    i.SD_Select_Deselect  stm32f4xx_hal_sd.o
    0x08003d60   0x00000050   Code   RO          730    i.SD_SendStatus     stm32f4xx_hal_sd.o
    0x08003db0   0x00000096   Code   RO          731    i.SD_WideBus_Disable  stm32f4xx_hal_sd.o
    0x08003e46   0x00000096   Code   RO          732    i.SD_WideBus_Enable  stm32f4xx_hal_sd.o
    0x08003edc   0x00000024   Code   RO         3753    i.SD_initialize     sd_diskio.o
    0x08003f00   0x00000078   Code   RO         3754    i.SD_ioctl          sd_diskio.o
    0x08003f78   0x0000002a   Code   RO         3755    i.SD_read           sd_diskio.o
    0x08003fa2   0x00000002   PAD
    0x08003fa4   0x00000024   Code   RO         3756    i.SD_status         sd_diskio.o
    0x08003fc8   0x0000002a   Code   RO         3757    i.SD_write          sd_diskio.o
    0x08003ff2   0x00000114   Code   RO         2416    i.SPI_WaitOnFlagUntilTimeout  stm32f4xx_hal_spi.o
    0x08004106   0x0000000c   Code   RO         4371    i.SysTick_Handler   stm32f4xx_it.o
    0x08004112   0x00000002   PAD
    0x08004114   0x00000098   Code   RO         4089    i.SystemClock_Config  main.o
    0x080041ac   0x00000064   Code   RO         3184    i.SystemInit        system_stm32f4xx.o
    0x08004210   0x00000228   Code   RO         1984    i.UART_SetConfig    stm32f4xx_hal_uart.o
    0x08004438   0x000000fa   Code   RO         1986    i.UART_WaitOnFlagUntilTimeout  stm32f4xx_hal_uart.o
    0x08004532   0x00000002   PAD
    0x08004534   0x00000020   Code   RO         4759    i.__0printf$1       mc_w.l(printf1.o)
    0x08004554   0x0000000e   Code   RO         5044    i.__scatterload_copy  mc_w.l(handlers.o)
    0x08004562   0x00000002   Code   RO         5045    i.__scatterload_null  mc_w.l(handlers.o)
    0x08004564   0x0000000e   Code   RO         5046    i.__scatterload_zeroinit  mc_w.l(handlers.o)
    0x08004572   0x00000002   PAD
    0x08004574   0x00000154   Code   RO         4766    i._printf_core      mc_w.l(printf1.o)
    0x080046c8   0x00000098   Code   RO         3215    i.check_fs          ff.o
    0x08004760   0x00000014   Code   RO         3216    i.chk_chr           ff.o
    0x08004774   0x00000090   Code   RO         3217    i.chk_lock          ff.o
    0x08004804   0x00000018   Code   RO         4415    i.clearBothFrameBuffers  gameman_reva0.o
    0x0800481c   0x0000001c   Code   RO         4416    i.clearFrameBuffer  gameman_reva0.o
    0x08004838   0x00000030   Code   RO         3218    i.clear_lock        ff.o
    0x08004868   0x00000038   Code   RO         3219    i.clmt_clust        ff.o
    0x080048a0   0x00000020   Code   RO         3220    i.clust2sect        ff.o
    0x080048c0   0x00000090   Code   RO         3221    i.cmp_lfn           ff.o
    0x08004950   0x0000006c   Code   RO         4649    i.constructLink     link_pc.o
    0x080049bc   0x00000068   Code   RO         4603    i.constructMenu     mainmenu.o
    0x08004a24   0x000000e2   Code   RO         3222    i.create_chain      ff.o
    0x08004b06   0x00000002   PAD
    0x08004b08   0x00000230   Code   RO         3223    i.create_name       ff.o
    0x08004d38   0x00000012   Code   RO         4650    i.deconstructLink   link_pc.o
    0x08004d4a   0x00000012   Code   RO         4604    i.deconstructMenu   mainmenu.o
    0x08004d5c   0x00000064   Code   RO         3225    i.dir_alloc         ff.o
    0x08004dc0   0x000000f2   Code   RO         3226    i.dir_find          ff.o
    0x08004eb2   0x0000015e   Code   RO         3227    i.dir_next          ff.o
    0x08005010   0x00000156   Code   RO         3229    i.dir_register      ff.o
    0x08005166   0x000000ca   Code   RO         3231    i.dir_sdi           ff.o
    0x08005230   0x00000028   Code   RO         3631    i.disk_initialize   diskio.o
    0x08005258   0x00000028   Code   RO         3633    i.disk_read         diskio.o
    0x08005280   0x00000018   Code   RO         3634    i.disk_status       diskio.o
    0x08005298   0x00000028   Code   RO         3635    i.disk_write        diskio.o
    0x080052c0   0x00000028   Code   RO         3232    i.enq_lock          ff.o
    0x080052e8   0x0000006e   Code   RO         4251    i.enqueue           drawqueue.o
    0x08005356   0x00000324   Code   RO         3238    i.f_lseek           ff.o
    0x0800567a   0x00000002   PAD
    0x0800567c   0x00000064   Code   RO         3241    i.f_mount           ff.o
    0x080056e0   0x000001de   Code   RO         3242    i.f_open            ff.o
    0x080058be   0x00000206   Code   RO         3247    i.f_read            ff.o
    0x08005ac4   0x0000004c   Code   RO         3803    i.ff_convert        ccsbcs.o
    0x08005b10   0x0000000c   Code   RO         3682    i.ff_memalloc       syscall.o
    0x08005b1c   0x0000000c   Code   RO         3683    i.ff_memfree        syscall.o
    0x08005b28   0x00000038   Code   RO         3804    i.ff_wtoupper       ccsbcs.o
    0x08005b60   0x000003cc   Code   RO         3256    i.find_volume       ff.o
    0x08005f2c   0x00000080   Code   RO         3257    i.fit_lfn           ff.o
    0x08005fac   0x0000009c   Code   RO         3258    i.follow_path       ff.o
    0x08006048   0x0000001c   Code   RO         4094    i.fputc             main.o
    0x08006064   0x00000060   Code   RO         4418    i.framebuffer_layer_init  gameman_reva0.o
    0x080060c4   0x00000050   Code   RO         4975    i.free              mc_w.l(malloc.o)
    0x08006114   0x000000a8   Code   RO         3259    i.gen_numname       ff.o
    0x080061bc   0x00000040   Code   RO         4419    i.getInputs         gameman_reva0.o
    0x080061fc   0x000000e0   Code   RO         3260    i.get_fat           ff.o
    0x080062dc   0x00000004   Code   RO         3636    i.get_fattime       diskio.o
    0x080062e0   0x00000032   Code   RO         3262    i.get_ldnumber      ff.o
    0x08006312   0x00000002   PAD
    0x08006314   0x000000e8   Code   RO         3263    i.inc_lock          ff.o
    0x080063fc   0x0000000e   Code   RO         4253    i.initQueue         drawqueue.o
    0x0800640a   0x0000001e   Code   RO         4420    i.initiateSPIRx     gameman_reva0.o
    0x08006428   0x00000016   Code   RO         4254    i.isEmpty           drawqueue.o
    0x0800643e   0x0000001a   Code   RO         4255    i.isFull            drawqueue.o
    0x08006458   0x00000022   Code   RO         3264    i.ld_clust          ff.o
    0x0800647a   0x00000002   PAD
    0x0800647c   0x0000012c   Code   RO         4578    i.loadImage         bitmap_tools.o
    0x080065a8   0x00000144   Code   RO         4651    i.loadLinkSpriteSet  link_pc.o
    0x080066ec   0x00000088   Code   RO         4095    i.main              main.o
    0x08006774   0x0000006c   Code   RO         4976    i.malloc            mc_w.l(malloc.o)
    0x080067e0   0x00000026   Code   RO         3265    i.mem_cmp           ff.o
    0x08006806   0x0000001a   Code   RO         3266    i.mem_cpy           ff.o
    0x08006820   0x00000014   Code   RO         3267    i.mem_set           ff.o
    0x08006834   0x00000036   Code   RO         3268    i.move_window       ff.o
    0x0800686a   0x00000136   Code   RO         3270    i.put_fat           ff.o
    0x080069a0   0x00000056   Code   RO         4256    i.removeItem        drawqueue.o
    0x080069f6   0x0000007a   Code   RO         3272    i.remove_chain      ff.o
    0x08006a70   0x00000050   Code   RO         4652    i.renderLinkCPU     link_pc.o
    0x08006ac0   0x00000002   Code   RO         4653    i.renderLinkDMA2D   link_pc.o
    0x08006ac2   0x00000064   Code   RO         4605    i.renderMenuCPU     mainmenu.o
    0x08006b26   0x00000002   Code   RO         4606    i.renderMenuDMA2D   mainmenu.o
    0x08006b28   0x00000018   Code   RO         4423    i.retrieveSPI       gameman_reva0.o
    0x08006b40   0x00000118   Code   RO         4309    i.runGame           testgame.o
    0x08006c58   0x0000002c   Code   RO         4426    i.simpleLoad        gameman_reva0.o
    0x08006c84   0x00000010   Code   RO         3273    i.st_clust          ff.o
    0x08006c94   0x00000020   Code   RO         3274    i.sum_sfn           ff.o
    0x08006cb4   0x00000038   Code   RO         4429    i.swap              gameman_reva0.o
    0x08006cec   0x00000048   Code   RO         4310    i.switchToLinkTest  testgame.o
    0x08006d34   0x00000058   Code   RO         4311    i.switchToMainMenu  testgame.o
    0x08006d8c   0x0000005a   Code   RO         3276    i.sync_window       ff.o
    0x08006de6   0x00000002   PAD
    0x08006de8   0x00000114   Code   RO         4312    i.updateGame        testgame.o
    0x08006efc   0x00000144   Code   RO         4654    i.updateLink        link_pc.o
    0x08007040   0x00000134   Code   RO         4607    i.updateMenu        mainmenu.o
    0x08007174   0x0000003c   Code   RO         4313    i.updateObjects     testgame.o
    0x080071b0   0x00000046   Code   RO         3277    i.validate          ff.o
    0x080071f6   0x00000002   PAD
    0x080071f8   0x000000b8   Code   RO         4430    i.writeCharToScreen  gameman_reva0.o
    0x080072b0   0x00000066   Code   RO         4431    i.writeStringToScreen  gameman_reva0.o
    0x08007316   0x00000010   Data   RO         1862    .constdata          stm32f4xx_hal_rcc.o
    0x08007326   0x000000ba   Data   RO         3279    .constdata          ff.o
    0x080073e0   0x000004c0   Data   RO         3805    .constdata          ccsbcs.o
    0x080078a0   0x00000fde   Data   RO         4315    .constdata          testgame.o
    0x0800887e   0x000123c2   Data   RO         4372    .constdata          stm32f4xx_it.o
    0x0801ac40   0x00001428   Data   RO         4433    .constdata          gameman_reva0.o
    0x0801c068   0x0000006e   Data   RO         4316    .conststring        testgame.o
    0x0801c0d6   0x00000002   PAD
    0x0801c0d8   0x00000020   Data   RO         5042    Region$$Table       anon$$obj.o


    Execution Region RW_IRAM1 (Base: 0x20000000, Size: 0x000272f8, Max: 0x00030000, ABSOLUTE)

    Base Addr    Size         Type   Attr      Idx    E Section Name        Object

    0x20000000   0x00000004   Data   RW         2636    .data               stm32f4xx_hal.o
    0x20000004   0x00000014   Data   RW         3185    .data               system_stm32f4xx.o
    0x20000018   0x00000006   Data   RW         3280    .data               ff.o
    0x2000001e   0x00000002   PAD
    0x20000020   0x00000018   Data   RW         3758    .data               sd_diskio.o
    0x20000038   0x00000008   Data   RW         3957    .data               stm32f4xx_hal_msp.o
    0x20000040   0x00000018   Data   RW         4099    .data               main.o
    0x20000058   0x00000021   Data   RW         4317    .data               testgame.o
    0x20000079   0x00000003   PAD
    0x2000007c   0x0000001c   Data   RW         4434    .data               gameman_reva0.o
    0x20000098   0x00000004   Data   RW         5023    .data               mc_w.l(mvars.o)
    0x2000009c   0x00000004   Data   RW         5024    .data               mc_w.l(mvars.o)
    0x200000a0   0x00000018   Zero   RW         3278    .bss                ff.o
    0x200000b8   0x0000000c   Zero   RW         3596    .bss                ff_gen_drv.o
    0x200000c4   0x00000004   PAD
    0x200000c8   0x000005d8   Zero   RW         4097    .bss                main.o
    0x200006a0   0x00000404   Zero   RW         4314    .bss                testgame.o
    0x20000aa4   0x00000050   Zero   RW         4432    .bss                gameman_reva0.o
    0x20000af4   0x00000004   PAD
    0x20000af8   0x00025800   Zero   RW            2    HEAP                startup_stm32f439xx.o
    0x200262f8   0x00001000   Zero   RW            1    STACK               startup_stm32f439xx.o


==============================================================================

Image component sizes


      Code (inc. data)   RO Data    RW Data    ZI Data      Debug   Object Name

       300          4          0          0          0       1941   bitmap_tools.o
       240         34          0          0          0       4240   bsp_driver_sd.o
       132         16       1216          0          0       2143   ccsbcs.o
       148         18          0          0          0       3762   diskio.o
       258          0          0          0          0       3518   drawqueue.o
      7300         84        186          6         24      42098   ff.o
        76          6          0          0         12       1722   ff_gen_drv.o
       836         62       5160         28         80      13166   gameman_reva0.o
       856        262          0          0          0       4389   link_pc.o
      1328        184          0         24       1496      14028   main.o
       532         22          0          0          0       3661   mainmenu.o
       276         12          0         24          0       4368   sd_diskio.o
        36          8        428          0     157696        984   startup_stm32f439xx.o
       150         16          0          4          0       4282   stm32f4xx_hal.o
       282         22          0          0          0      31366   stm32f4xx_hal_cortex.o
       128          4          0          0          0       1995   stm32f4xx_hal_dac.o
        92          0          0          0          0       1281   stm32f4xx_hal_dma2d.o
       530         54          0          0          0       3240   stm32f4xx_hal_gpio.o
       284         10          0          0          0     417295   stm32f4xx_hal_i2c.o
       908          4          0          0          0       2923   stm32f4xx_hal_ltdc.o
      1182        176          0          8          0       7736   stm32f4xx_hal_msp.o
       120         12          0          0          0        766   stm32f4xx_hal_pwr_ex.o
      2108         84         16          0          0       7011   stm32f4xx_hal_rcc.o
       776         26          0          0          0       1608   stm32f4xx_hal_rcc_ex.o
        44          0          0          0          0       1107   stm32f4xx_hal_rng.o
      5498         18          0          0          0      25848   stm32f4xx_hal_sd.o
       862          0          0          0          0       3198   stm32f4xx_hal_spi.o
        82          0          0          0          0       1220   stm32f4xx_hal_sram.o
      1150          8          0          0          0       3872   stm32f4xx_hal_uart.o
       232         34      74690          0          0       1785   stm32f4xx_it.o
       260          0          0          0          0       2800   stm32f4xx_ll_fmc.o
       208          4          0          0          0       6425   stm32f4xx_ll_sdmmc.o
        24          0          0          0          0      23839   syscall.o
       100         18          0         20          0       1425   system_stm32f4xx.o
       776        170       4172         33       1028       4681   testgame.o

    ----------------------------------------------------------------------
     28146       1372      85902        152     160344     655723   Object Totals
         0          0         32          0          0          0   (incl. Generated)
        32          0          2          5          8          0   (incl. Padding)

    ----------------------------------------------------------------------

      Code (inc. data)   RO Data    RW Data    ZI Data      Debug   Library Member Name

         0          0          0          0          0          0   entry.o
         0          0          0          0          0          0   entry10a.o
         0          0          0          0          0          0   entry11a.o
         8          4          0          0          0          0   entry2.o
         4          0          0          0          0          0   entry5.o
         0          0          0          0          0          0   entry7b.o
         0          0          0          0          0          0   entry8b.o
         8          4          0          0          0          0   entry9a.o
        30          0          0          0          0          0   handlers.o
        36          8          0          0          0         68   init.o
        30          0          0          0          0         68   llshl.o
        32          0          0          0          0         68   llushr.o
       188         20          0          0          0        160   malloc.o
        36          0          0          0          0         68   memcpya.o
         0          0          0          8          0          0   mvars.o
       372         14          0          0          0        184   printf1.o
        44          0          0          0          0         80   uidiv.o
        98          0          0          0          0         92   uldiv.o

    ----------------------------------------------------------------------
       888         50          0          8          0        788   Library Totals
         2          0          0          0          0          0   (incl. Padding)

    ----------------------------------------------------------------------

      Code (inc. data)   RO Data    RW Data    ZI Data      Debug   Library Name

       886         50          0          8          0        788   mc_w.l

    ----------------------------------------------------------------------
       888         50          0          8          0        788   Library Totals

    ----------------------------------------------------------------------

==============================================================================


      Code (inc. data)   RO Data    RW Data    ZI Data      Debug   

     29034       1422      85902        160     160344     637151   Grand Totals
     29034       1422      85902        160     160344     637151   ELF Image Totals
     29034       1422      85902        160          0          0   ROM Totals

==============================================================================

    Total RO  Size (Code + RO Data)               114936 ( 112.24kB)
    Total RW  Size (RW Data + ZI Data)            160504 ( 156.74kB)
    Total ROM Size (Code + RO Data + RW Data)     115096 ( 112.40kB)

==============================================================================

