<html>
<body>
<pre>
<h1>µVision Build Log</h1>
<h2>Tool Versions:</h2>
IDE-Version: µVision V5.13.0.0
Copyright (C) 2014 ARM Ltd and ARM Germany GmbH. All rights reserved.
License Information: Brandon Pollack, Unviersity of Florida, LIC=----
 
Tool Versions:
Toolchain:       MDK-Lite  Version: 5.13.0.0
Toolchain Path:  C:\Program Files (x86)\keil_v5\ARM\ARMCC\Bin
C Compiler:      Armcc.exe V5.05 update 1 (build 106)
Assembler:       Armasm.exe V5.05 update 1 (build 106)
Linker/Locator:  ArmLink.exe V5.05 update 1 (build 106)
Library Manager: ArmAr.exe V5.05 update 1 (build 106)
Hex Converter:   FromElf.exe V5.05 update 1 (build 106)
CPU DLL:         SARMCM3.DLL V5.13.0.0
Dialog DLL:      DCM.DLL V1.13.1.0
Target DLL:      STLink\ST-LINKIII-KEIL_SWO.dll V2.0.14.0_KEIL
Dialog DLL:      TCM.DLL V1.14.4.0
 
<h2>Project:</h2>
\\psf\Dropbox\school\SENIORDESIGN\SW\GameMan_Template\Projects\MDK-ARM\GameMan_Template.uvproj
Project File Date:  01/21/2015

<h2>Output:</h2>
Build target 'GameMan_Template Configuration'
compiling system_stm32f4xx.c...
compiling main.c...
..\..\Src\main.c(114): warning:  #550-D: variable "currentObj" was set but never used
        DrawableObject* currentObj;
..\..\Src\main.c: 1 warning, 0 errors
compiling stm32f4xx_it.c...
compiling stm32f4xx_hal_msp.c...
compiling DrawQueue.c...
compiling stm32f4xx_hal_sram.c...
compiling stm32f4xx_hal_adc.c...
compiling stm32f4xx_hal_tim_ex.c...
compiling stm32f4xx_hal_uart.c...
compiling stm32f4xx_hal.c...
compiling stm32f4xx_hal_dma_ex.c...
compiling stm32f4xx_hal_rcc_ex.c...
compiling stm32f4xx_hal_pwr.c...
compiling stm32f4xx_hal_flash_ex.c...
compiling stm32f4xx_hal_pwr_ex.c...
compiling stm32f4xx_hal_adc_ex.c...
compiling stm32f4xx_hal_cortex.c...
compiling stm32f4xx_hal_rcc.c...
compiling stm32f4xx_hal_i2c.c...
compiling stm32f4xx_hal_gpio.c...
compiling stm32f4xx_hal_tim.c...
compiling stm32f4xx_hal_flash_ramfunc.c...
compiling stm32f4xx_hal_flash.c...
compiling stm32f4xx_ll_fmc.c...
compiling stm32f4xx_hal_dac_ex.c...
compiling stm32f4xx_hal_ltdc.c...
compiling stm32f4xx_hal_nor.c...
compiling stm32f4xx_hal_dma2d.c...
compiling stm32f4xx_hal_rng.c...
compiling stm32f4xx_hal_dma.c...
compiling stm32f4xx_hal_dac.c...
compiling stm32f4xx_hal_spi.c...
compiling stm32f4xx_hal_i2c_ex.c...
linking...
Program Size: Code=9212 RO-data=476 RW-data=40 ZI-data=155632  
"GameMan_Template Configuration\GameMan_Template Configuration.axf" - 0 Error(s), 1 Warning(s).
</pre>
</body>
</html>
